Gnuplot not found, using plotters backend
Benchmarking changelog_builder/configured/1
Benchmarking changelog_builder/configured/1: Warming up for 1.0000 s
Benchmarking changelog_builder/configured/1: Collecting 50 samples in estimated 3.0040 s (152k iterations)
Benchmarking changelog_builder/configured/1: Analyzing
changelog_builder/configured/1
                        time:   [11.745 µs 11.838 µs 11.947 µs]
Found 6 outliers among 50 measurements (12.00%)
  1 (2.00%) high mild
  5 (10.00%) high severe
Benchmarking changelog_builder/configured/10
Benchmarking changelog_builder/configured/10: Warming up for 1.0000 s
Benchmarking changelog_builder/configured/10: Collecting 50 samples in estimated 3.0745 s (48k iterations)
Benchmarking changelog_builder/configured/10: Analyzing
changelog_builder/configured/10
                        time:   [43.491 µs 44.166 µs 45.065 µs]
Found 1 outliers among 50 measurements (2.00%)
  1 (2.00%) high mild
Benchmarking changelog_builder/configured/1000
Benchmarking changelog_builder/configured/1000: Warming up for 1.0000 s

Warning: Unable to complete 50 samples in 3.0s. You may wish to increase target time to 5.1s, enable flat sampling, or reduce sample count to 20.
Benchmarking changelog_builder/configured/1000: Collecting 50 samples in estimated 5.0503 s (1275 iterations)
Benchmarking changelog_builder/configured/1000: Analyzing
changelog_builder/configured/1000
                        time:   [3.1202 ms 3.1606 ms 3.2109 ms]
Found 9 outliers among 50 measurements (18.00%)
  1 (2.00%) high mild
  8 (16.00%) high severe

