Gnuplot not found, using plotters backend
Benchmarking changelog_builder/configured/1
Benchmarking changelog_builder/configured/1: Warming up for 1.0000 s
Benchmarking changelog_builder/configured/1: Collecting 50 samples in estimated 3.0026 s (163k iterations)
Benchmarking changelog_builder/configured/1: Analyzing
changelog_builder/configured/1
                        time:   [10.747 µs 10.854 µs 10.982 µs]
Found 5 outliers among 50 measurements (10.00%)
  4 (8.00%) high mild
  1 (2.00%) high severe
Benchmarking changelog_builder/configured/10
Benchmarking changelog_builder/configured/10: Warming up for 1.0000 s
Benchmarking changelog_builder/configured/10: Collecting 50 samples in estimated 3.0504 s (47k iterations)
Benchmarking changelog_builder/configured/10: Analyzing
changelog_builder/configured/10
                        time:   [42.579 µs 43.286 µs 44.249 µs]
Found 3 outliers among 50 measurements (6.00%)
  1 (2.00%) high mild
  2 (4.00%) high severe
Benchmarking changelog_builder/configured/1000
Benchmarking changelog_builder/configured/1000: Warming up for 1.0000 s

Warning: Unable to complete 50 samples in 3.0s. You may wish to increase target time to 5.2s, enable flat sampling, or reduce sample count to 20.
Benchmarking changelog_builder/configured/1000: Collecting 50 samples in estimated 5.1605 s (1275 iterations)
Benchmarking changelog_builder/configured/1000: Analyzing
changelog_builder/configured/1000
                        time:   [3.2087 ms 3.2914 ms 3.3956 ms]
Found 8 outliers among 50 measurements (16.00%)
  2 (4.00%) high mild
  6 (12.00%) high severe

