Gnuplot not found, using plotters backend
Benchmarking changelog_builder/configured/1
Benchmarking changelog_builder/configured/1: Warming up for 1.0000 s
Benchmarking changelog_builder/configured/1: Collecting 50 samples in estimated 3.0089 s (152k iterations)
Benchmarking changelog_builder/configured/1: Analyzing
changelog_builder/configured/1
                        time:   [11.730 µs 11.906 µs 12.153 µs]
Found 6 outliers among 50 measurements (12.00%)
  6 (12.00%) high mild
Benchmarking changelog_builder/configured/10
Benchmarking changelog_builder/configured/10: Warming up for 1.0000 s
Benchmarking changelog_builder/configured/10: Collecting 50 samples in estimated 3.0372 s (48k iterations)
Benchmarking changelog_builder/configured/10: Analyzing
changelog_builder/configured/10
                        time:   [43.229 µs 43.609 µs 44.104 µs]
Found 3 outliers among 50 measurements (6.00%)
  2 (4.00%) high mild
  1 (2.00%) high severe
Benchmarking changelog_builder/configured/1000
Benchmarking changelog_builder/configured/1000: Warming up for 1.0000 s

Warning: Unable to complete 50 samples in 3.0s. You may wish to increase target time to 5.1s, enable flat sampling, or reduce sample count to 20.
Benchmarking changelog_builder/configured/1000: Collecting 50 samples in estimated 5.0746 s (1275 iterations)
Benchmarking changelog_builder/configured/1000: Analyzing
changelog_builder/configured/1000
                        time:   [3.1147 ms 3.1560 ms 3.2098 ms]
Found 9 outliers among 50 measurements (18.00%)
  2 (4.00%) high mild
  7 (14.00%) high severe

