Gnuplot not found, using plotters backend
Benchmarking changelog_builder/configured/1
Benchmarking changelog_builder/configured/1: Warming up for 1.0000 s
Benchmarking changelog_builder/configured/1: Collecting 50 samples in estimated 3.0066 s (157k iterations)
Benchmarking changelog_builder/configured/1: Analyzing
changelog_builder/configured/1
                        time:   [10.640 µs 10.777 µs 10.962 µs]
Found 3 outliers among 50 measurements (6.00%)
  3 (6.00%) high mild
Benchmarking changelog_builder/configured/10
Benchmarking changelog_builder/configured/10: Warming up for 1.0000 s
Benchmarking changelog_builder/configured/10: Collecting 50 samples in estimated 3.0206 s (47k iterations)
Benchmarking changelog_builder/configured/10: Analyzing
changelog_builder/configured/10
                        time:   [41.997 µs 43.145 µs 44.928 µs]
Found 1 outliers among 50 measurements (2.00%)
  1 (2.00%) high severe
Benchmarking changelog_builder/configured/1000
Benchmarking changelog_builder/configured/1000: Warming up for 1.0000 s

Warning: Unable to complete 50 samples in 3.0s. You may wish to increase target time to 5.2s, enable flat sampling, or reduce sample count to 20.
Benchmarking changelog_builder/configured/1000: Collecting 50 samples in estimated 5.1744 s (1275 iterations)
Benchmarking changelog_builder/configured/1000: Analyzing
changelog_builder/configured/1000
                        time:   [3.1272 ms 3.1703 ms 3.2267 ms]
Found 5 outliers among 50 measurements (10.00%)
  5 (10.00%) high severe

