
running 2 tests
test command::update::updater::perf_changelog_evidence::perf_changelog_generate ... OUTPUT generate/100/false: 1496 bytes, hash bfb522ebb7104268
BENCH generate/100/metadata_false mean_us=1674.537 samples_us=[1639.1307258064514, 1647.8410983606557, 1640.5708032786883, 1652.197918032787, 1685.1356, 1666.0116721311476, 1657.108081967213, 1653.5108524590164, 1662.3064262295081, 1668.04495, 1670.8961166666666, 1670.7802833333333, 1714.6401016949153, 1737.469896551724, 1682.1861, 1669.9906166666667, 1679.4781333333333, 1668.4761666666666, 1664.5617377049182, 1669.1947, 1673.1612166666666, 1691.2825, 1725.2031896551725, 1698.4636610169491, 1675.7757333333332]
OUTPUT generate/100/true: 1496 bytes, hash bfb522ebb7104268
BENCH generate/100/metadata_true mean_us=2291.261 samples_us=[2277.4720454545454, 2258.287444444444, 2265.470711111111, 2267.5594666666666, 2286.7679318181818, 2285.7598636363637, 2288.856454545454, 2291.870477272727, 2264.4210222222223, 2295.963431818182, 2273.772363636364, 2289.0282045454546, 2282.2537272727272, 2292.0060000000003, 2302.0430454545453, 2314.647704545455, 2283.6837499999997, 2309.095068181818, 2279.892772727273, 2283.019159090909, 2265.938577777778, 2305.493931818182, 2306.7154545454546, 2372.429372093023, 2339.074534883721]
OUTPUT generate/1000/false: 13196 bytes, hash 28fcedf81e78e156
BENCH generate/1000/metadata_false mean_us=16390.624 samples_us=[15880.141714285714, 16303.105142857143, 15985.587857142857, 17212.219666666668, 16272.04142857143, 15601.597142857145, 17034.479666666666, 15912.162714285714, 16286.311142857143, 16189.831714285714, 16359.442285714287, 15865.471857142857, 16322.375142857143, 15645.397285714283, 16921.52233333333, 16350.903999999999, 15610.42457142857, 15687.72957142857, 16116.589142857145, 17297.342333333334, 18829.421333333335, 17058.458833333334, 16253.064999999999, 16742.996166666668, 16026.981285714284]
OUTPUT generate/1000/true: 13196 bytes, hash 28fcedf81e78e156
BENCH generate/1000/metadata_true mean_us=23687.047 samples_us=[23825.0504, 23016.1544, 22639.0654, 24341.1924, 24072.721599999997, 23184.5644, 23715.480799999998, 22504.785, 23386.2726, 22525.948800000002, 23820.3828, 23862.6026, 23342.3062, 22898.975599999998, 22626.6426, 24540.9496, 23698.5954, 23026.856200000002, 24403.6046, 23240.859, 24557.497, 24674.487, 25624.7665, 23218.7818, 25427.63425]
ok
test command::update::updater::perf_changelog_evidence::perf_changelog_update ... OUTPUT update/100/false: 1227 + 1213 bytes, hash eaa06c9bd64e5e1b
BENCH update/100/metadata_false mean_us=2277.795 samples_us=[2433.652, 2275.8982045454545, 2299.6997954545454, 2224.915377777778, 2216.111869565217, 2241.9295777777775, 2206.6169130434787, 2210.0225869565215, 2217.0079130434783, 2262.9528, 2278.5345909090906, 2218.3223695652173, 2215.416652173913, 2211.1964347826083, 2216.234130434783, 2358.7641860465114, 2360.6440930232557, 2250.3692, 2309.918568181818, 2490.0036829268292, 2352.22776744186, 2298.78625, 2255.1582, 2269.2806666666665, 2271.210222222222]
OUTPUT update/100/true: 1227 + 1213 bytes, hash eaa06c9bd64e5e1b
BENCH update/100/metadata_true mean_us=3127.992 samples_us=[3091.0310606060602, 3105.810393939394, 3101.992424242424, 3081.5145757575756, 3098.833393939394, 3084.5913636363634, 3130.1395625, 3100.4113333333335, 3114.9346969696967, 3125.3436875, 3089.0507272727277, 3105.352878787879, 3140.6373750000002, 3238.0824838709677, 3311.898, 3127.24178125, 3135.517875, 3097.175757575758, 3066.2070909090908, 3185.29990625, 3228.0376451612906, 3081.472818181818, 3111.0925454545454, 3134.0906875, 3114.041212121212]
OUTPUT update/1000/false: 12927 + 12913 bytes, hash a3761928a32d6495
BENCH update/1000/metadata_false mean_us=21882.766 samples_us=[21660.9078, 22063.1772, 21591.093, 22007.1, 21948.9084, 21617.3382, 22314.624, 21567.8776, 22738.5012, 21852.202800000003, 21932.3736, 22141.617, 21728.462000000003, 21636.048600000002, 21333.824800000002, 22034.319199999998, 22115.812, 21768.0596, 22184.6158, 21641.605, 22007.2802, 21397.4106, 21740.5402, 22370.673, 21674.7668]
OUTPUT update/1000/true: 12927 + 12913 bytes, hash a3761928a32d6495
BENCH update/1000/metadata_true mean_us=33504.209 samples_us=[30436.040250000002, 31134.9245, 30167.87325, 30820.00575, 33190.723, 33832.87425, 36679.19033333333, 35764.62066666667, 33755.77166666667, 35862.02133333333, 33859.28433333334, 31214.0045, 34501.005, 32017.04275, 33056.1, 31417.489, 35773.44233333333, 32645.613749999997, 50995.8905, 32413.470999999998, 32043.00575, 32296.806749999996, 30957.822, 31798.708000000002, 30971.5055]
ok

test result: ok. 2 passed; 0 failed; 0 ignored; 0 measured; 186 filtered out; finished in 23.79s

