
running 2 tests
test command::update::updater::perf_changelog_evidence::perf_changelog_generate ... OUTPUT generate/100/false: 1496 bytes, hash bfb522ebb7104268
BENCH generate/100/metadata_false mean_us=1683.975 samples_us=[1660.8121147540985, 1696.7704576271185, 1706.3285593220342, 1696.2122372881356, 1705.5185762711862, 1691.6789166666667, 1668.8537000000001, 1662.2367213114755, 1679.6858666666667, 1663.0887049180328, 1668.9631000000002, 1662.5465409836065, 1668.7946166666666, 1668.306133333333, 1681.0804833333334, 1896.7329433962266, 1683.2957833333335, 1668.7068666666667, 1670.05455, 1666.8501499999998, 1667.0130833333335, 1673.7907500000001, 1662.9592950819672, 1663.87768852459, 1665.2200819672132]
OUTPUT generate/100/true: 1496 bytes, hash bfb522ebb7104268
BENCH generate/100/metadata_true mean_us=2295.755 samples_us=[2272.6592888888886, 2287.4388636363637, 2268.4562, 2277.038477272727, 2283.5291818181818, 2277.4947272727277, 2267.8078666666665, 2282.207340909091, 2285.431431818182, 2278.4224545454545, 2285.989590909091, 2255.1451333333334, 2268.4770222222223, 2252.5446444444447, 2281.232386363636, 2289.9202954545453, 2481.8971219512196, 2370.739953488372, 2269.1639777777777, 2310.857159090909, 2281.541659090909, 2358.8103720930235, 2288.257818181818, 2265.5248, 2353.2913488372096]
OUTPUT generate/1000/false: 13196 bytes, hash 28fcedf81e78e156
BENCH generate/1000/metadata_false mean_us=17094.612 samples_us=[18392.240999999998, 16220.310857142857, 18866.943666666666, 17293.943, 16682.0015, 17505.4485, 16636.587571428572, 18740.3995, 16457.134, 18177.116666666665, 16932.943166666668, 17376.0265, 16360.991714285716, 16721.576166666666, 17775.924833333334, 16396.98457142857, 16850.955, 15646.946285714288, 17791.520333333334, 16154.397, 17155.04, 15796.155142857142, 18147.9245, 15966.908714285713, 17318.8705]
OUTPUT generate/1000/true: 13196 bytes, hash 28fcedf81e78e156
BENCH generate/1000/metadata_true mean_us=25109.088 samples_us=[26000.764499999997, 23871.1374, 25609.86525, 23266.8934, 24864.7456, 24699.600599999998, 24052.993, 22843.965799999998, 25237.193000000003, 24113.9692, 23256.0994, 23257.3658, 23646.2076, 24246.3346, 24352.1038, 23243.761, 24516.1632, 24733.1928, 28998.769500000002, 30177.9225, 26960.99475, 27295.58875, 28375.9505, 26321.85025, 23783.773]
ok
test command::update::updater::perf_changelog_evidence::perf_changelog_update ... OUTPUT update/100/false: 1227 + 1213 bytes, hash eaa06c9bd64e5e1b
BENCH update/100/metadata_false mean_us=2249.162 samples_us=[2439.4068780487805, 2286.079272727273, 2245.1562666666664, 2236.684422222222, 2261.08, 2279.7486363636363, 2275.797666666667, 2265.9719555555557, 2247.884666666667, 2234.9576666666667, 2234.9608, 2241.5753999999997, 2228.4608, 2225.3165777777776, 2220.8031739130433, 2222.2665652173914, 2230.891666666667, 2217.6610434782606, 2232.864488888889, 2227.2850000000003, 2219.8913260869567, 2241.889288888889, 2233.8147777777776, 2244.779088888889, 2233.8173111111114]
OUTPUT update/100/true: 1227 + 1213 bytes, hash eaa06c9bd64e5e1b
BENCH update/100/metadata_true mean_us=3113.647 samples_us=[3151.0623124999997, 3088.9161515151513, 3106.5896969696973, 3080.7555151515153, 3101.0764545454545, 3082.3063333333334, 3106.4669090909088, 3210.54840625, 3097.420121212121, 3053.8677272727277, 3069.571454545455, 3144.27209375, 3095.122636363636, 3080.684212121212, 3078.72006060606, 3068.2695757575757, 3230.8330967741936, 3206.7618749999997, 3196.8408124999996, 3083.153696969697, 3078.010818181818, 3178.544875, 3116.6767272727275, 3059.869393939394, 3074.8233030303027]
OUTPUT update/1000/false: 12927 + 12913 bytes, hash a3761928a32d6495
BENCH update/1000/metadata_false mean_us=22205.542 samples_us=[22444.533, 22382.190800000004, 22127.9416, 22716.0386, 22083.1818, 23207.3512, 21794.7146, 22704.318600000002, 22378.789599999996, 22226.6244, 22575.2664, 22377.4816, 21965.9982, 22767.8476, 22088.1084, 22117.1402, 22376.398999999998, 22491.6352, 22502.7916, 21892.734, 21334.891, 21631.9506, 21448.794199999997, 21653.9778, 21847.8602]
OUTPUT update/1000/true: 12927 + 12913 bytes, hash a3761928a32d6495
BENCH update/1000/metadata_true mean_us=32397.275 samples_us=[31411.231499999998, 30664.08875, 31748.058250000002, 30890.287, 31864.0305, 31471.872, 32689.68775, 31703.421000000002, 31503.541500000003, 31861.029, 31041.329999999998, 32152.287500000002, 31348.949, 31661.8305, 31792.212, 31980.974000000002, 31666.75075, 33408.925, 32711.476000000002, 31606.21925, 32397.574999999997, 32792.179749999996, 34049.647333333334, 35255.22125, 40259.043666666665]
ok

test result: ok. 2 passed; 0 failed; 0 ignored; 0 measured; 186 filtered out; finished in 23.87s

