
running 2 tests
test command::update::updater::perf_changelog_evidence::perf_changelog_generate ... OUTPUT generate/100/false: 1496 bytes, hash bfb522ebb7104268
BENCH generate/100/metadata_false mean_us=1790.607 samples_us=[1635.3412096774193, 1633.5319516129032, 1637.9021935483868, 1639.6967213114754, 1658.932426229508, 1692.4460666666666, 1821.5658363636364, 1694.26705, 2178.818319148936, 1680.47225, 2274.2208863636365, 1752.6761034482756, 1821.2799818181816, 1769.7275789473686, 1839.3987272727275, 2232.5057333333334, 1748.3356206896551, 1729.3629655172415, 1755.5380350877192, 1745.266120689655, 1761.196947368421, 1775.9480701754387, 1748.3938620689655, 1786.9334285714285, 1751.4239655172414]
OUTPUT generate/100/true: 1496 bytes, hash bfb522ebb7104268
BENCH generate/100/metadata_true mean_us=2322.173 samples_us=[2394.5972142857145, 2367.7372790697677, 2355.8821395348837, 2335.0556976744183, 2268.8830666666668, 2332.6142790697677, 2358.708046511628, 2301.2190681818183, 2344.8636976744183, 2273.9866136363635, 2286.2312954545455, 2257.984622222222, 2253.155688888889, 2261.230311111111, 2258.7116666666666, 2274.8888636363636, 2298.4608863636367, 2260.0363111111114, 2324.206159090909, 2361.153139534884, 2388.9894523809526, 2382.3800476190477, 2281.1684318181815, 2358.3698139534886, 2473.8163658536587]
OUTPUT generate/1000/false: 13196 bytes, hash 28fcedf81e78e156
BENCH generate/1000/metadata_false mean_us=19467.801 samples_us=[16194.63057142857, 18293.004166666666, 17574.020166666665, 19212.236166666666, 21087.6642, 29676.498, 22976.871600000002, 20110.749166666665, 20150.0424, 18712.402166666667, 16443.844142857142, 17869.680333333334, 18108.144833333332, 24137.004200000003, 19667.338, 17571.507166666666, 18389.6495, 18661.6295, 16614.75757142857, 18620.435666666668, 20134.387333333336, 22437.0362, 19389.527333333335, 17206.1725, 17455.791]
OUTPUT generate/1000/true: 13196 bytes, hash 28fcedf81e78e156
BENCH generate/1000/metadata_true mean_us=24622.711 samples_us=[27063.505500000003, 29031.47375, 33726.739499999996, 24400.7362, 22849.0356, 23105.590600000003, 22534.926199999998, 23679.3156, 22237.6636, 24260.4486, 22214.5206, 25889.97625, 23596.5072, 23831.4954, 23363.1852, 24264.1924, 23400.721599999997, 24465.0472, 22998.7336, 24681.2834, 23029.8082, 24551.0906, 23744.227600000002, 27909.8245, 24737.7266]
ok
test command::update::updater::perf_changelog_evidence::perf_changelog_update ... OUTPUT update/100/false: 1227 + 1213 bytes, hash eaa06c9bd64e5e1b
BENCH update/100/metadata_false mean_us=2284.688 samples_us=[2613.0366410256406, 2390.596761904762, 2338.618418604651, 2258.0915333333332, 2251.9992666666667, 2248.716, 2288.200409090909, 2252.3578222222222, 2278.2049545454543, 2280.019909090909, 2268.2132444444446, 2260.6276222222223, 2244.7842666666666, 2258.894422222222, 2235.0666222222226, 2266.48, 2259.658822222222, 2296.2345454545452, 2309.521, 2266.957, 2249.5624666666668, 2263.472133333333, 2240.8080666666665, 2252.6109333333334, 2244.4605333333334]
OUTPUT update/100/true: 1227 + 1213 bytes, hash eaa06c9bd64e5e1b
BENCH update/100/metadata_true mean_us=3135.108 samples_us=[3126.75140625, 3099.9532727272726, 3187.2172499999997, 3162.8845625, 3152.9775, 3113.9745454545455, 3125.398303030303, 3419.2565999999997, 3129.5074999999997, 3106.52496969697, 3117.1940606060602, 3088.850939393939, 3138.86665625, 3098.999787878788, 3131.0755, 3088.992393939394, 3104.586848484849, 3103.1563939393936, 3107.735181818182, 3111.2488787878788, 3112.676606060606, 3171.8512812500003, 3180.5396250000003, 3117.647333333334, 3079.8381515151514]
OUTPUT update/1000/false: 12927 + 12913 bytes, hash a3761928a32d6495
BENCH update/1000/metadata_false mean_us=21747.445 samples_us=[21730.2432, 21541.837, 21374.9556, 21579.5538, 21397.8602, 21403.273800000003, 21716.2984, 21605.2768, 21528.8332, 21498.0752, 21299.4576, 21856.6782, 21389.5894, 21359.41, 21454.9622, 21622.9054, 22177.1694, 21558.155600000002, 21805.5066, 21761.9048, 21130.504800000002, 21126.3824, 21883.296, 22157.647999999997, 25726.3375]
OUTPUT update/1000/true: 12927 + 12913 bytes, hash a3761928a32d6495
BENCH update/1000/metadata_true mean_us=31235.963 samples_us=[30970.138750000002, 32296.9595, 30689.5, 31458.502249999998, 30285.21525, 31223.6305, 30558.455, 30529.058, 30159.1625, 30902.55675, 30273.05175, 31318.4585, 30686.43825, 31487.54075, 31471.043499999996, 31412.33275, 30783.667, 32111.392000000003, 31741.07575, 32084.65075, 31664.151250000003, 31900.921, 32712.11375, 31984.151500000004, 30194.898250000002]
ok

test result: ok. 2 passed; 0 failed; 0 ignored; 0 measured; 186 filtered out; finished in 23.96s

