warning: Cargo.toml: file `/workspace/changelog-regex-bench/src/main.rs` found to be present in multiple build targets:
  * `bin` target `changelog-regex-bench`
  * `bench` target `pr_regex`
warning: `changelog-regex-bench` (manifest) generated 1 warning
   Compiling changelog-regex-bench v0.0.0 (/workspace/changelog-regex-bench)
warning: unused import: `crate::NO_COMMIT_ID`
   --> src/before.rs:519:9
    |
519 |     use crate::NO_COMMIT_ID;
    |         ^^^^^^^^^^^^^^^^^^^
    |
    = note: `#[warn(unused_imports)]` (part of `#[warn(unused)]`) on by default

warning: unused import: `super::*`
   --> src/before.rs:521:9
    |
521 |     use super::*;
    |         ^^^^^^^^

warning: unused import: `crate::NO_COMMIT_ID`
   --> src/after.rs:521:9
    |
521 |     use crate::NO_COMMIT_ID;
    |         ^^^^^^^^^^^^^^^^^^^

warning: unused import: `super::*`
   --> src/after.rs:523:9
    |
523 |     use super::*;
    |         ^^^^^^^^

warning: `changelog-regex-bench` (bench "pr_regex") generated 4 warnings (run `cargo fix --bench "pr_regex" -p changelog-regex-bench` to apply 4 suggestions)
    Finished `bench` profile [optimized] target(s) in 5.21s
  Executable src/main.rs (/workspace/changelog-bench-target/release/deps/pr_regex-c4485be3d91b74af)
