Gnuplot not found, using plotters backend
Benchmarking update/workspace_10_noop
Benchmarking update/workspace_10_noop: Warming up for 1.0000 s

Warning: Unable to complete 10 samples in 5.0s. You may wish to increase target time to 10.7s.
Benchmarking update/workspace_10_noop: Collecting 10 samples in estimated 10.705 s (10 iterations)
Benchmarking update/workspace_10_noop: Analyzing
update/workspace_10_noop
                        time:   [1.0001 s 1.0175 s 1.0389 s]
                        change: [−2.1789% +0.3038% +2.9898%] (p = 0.84 > 0.05)
                        No change in performance detected.
Found 2 outliers among 10 measurements (20.00%)
  2 (20.00%) high mild
Benchmarking update/workspace_10_one_change
Benchmarking update/workspace_10_one_change: Warming up for 1.0000 s

Warning: Unable to complete 10 samples in 5.0s. You may wish to increase target time to 12.1s.
Benchmarking update/workspace_10_one_change: Collecting 10 samples in estimated 12.137 s (10 iterations)
Benchmarking update/workspace_10_one_change: Analyzing
update/workspace_10_one_change
                        time:   [1.0847 s 1.1115 s 1.1393 s]
                        change: [−4.6960% −1.6092% +1.7171%] (p = 0.36 > 0.05)
                        No change in performance detected.

