Gnuplot not found, using plotters backend
Benchmarking update/workspace_10_noop
Benchmarking update/workspace_10_noop: Warming up for 1.0000 s

Warning: Unable to complete 10 samples in 5.0s. You may wish to increase target time to 9.7s.
Benchmarking update/workspace_10_noop: Collecting 10 samples in estimated 9.7241 s (10 iterations)
Benchmarking update/workspace_10_noop: Analyzing
update/workspace_10_noop
                        time:   [963.16 ms 969.80 ms 976.36 ms]
                        change: [−6.7139% −4.6918% −2.8815%] (p = 0.00 < 0.05)
                        Performance has improved.
Benchmarking update/workspace_10_one_change
Benchmarking update/workspace_10_one_change: Warming up for 1.0000 s

Warning: Unable to complete 10 samples in 5.0s. You may wish to increase target time to 10.5s.
Benchmarking update/workspace_10_one_change: Collecting 10 samples in estimated 10.494 s (10 iterations)
Benchmarking update/workspace_10_one_change: Analyzing
update/workspace_10_one_change
                        time:   [1.0618 s 1.0773 s 1.0947 s]
                        change: [−5.8423% −3.0839% −0.2074%] (p = 0.06 > 0.05)
                        No change in performance detected.
Found 1 outliers among 10 measurements (10.00%)
  1 (10.00%) high mild

