   Compiling release_plz_core v0.39.0 (/workspace/perf-update/crates/release_plz_core)
   Compiling release-plz v0.3.171 (/workspace/perf-update/crates/release_plz)
    Finished `bench` profile [optimized] target(s) in 19.34s
     Running benches/update.rs (/workspace/release-plz/target/release/deps/update-b3c357cbcd67371f)
Gnuplot not found, using plotters backend
Benchmarking update/workspace_10_noop
Benchmarking update/workspace_10_noop: Warming up for 1.0000 s

Warning: Unable to complete 10 samples in 5.0s. You may wish to increase target time to 5.5s.
Benchmarking update/workspace_10_noop: Collecting 10 samples in estimated 5.5414 s (10 iterations)
Benchmarking update/workspace_10_noop: Analyzing
update/workspace_10_noop
                        time:   [513.52 ms 540.59 ms 570.89 ms]
                        change: [−6.1973% +0.1913% +7.2910%] (p = 0.95 > 0.05)
                        No change in performance detected.
Benchmarking update/workspace_10_one_change
Benchmarking update/workspace_10_one_change: Warming up for 1.0000 s

Warning: Unable to complete 10 samples in 5.0s. You may wish to increase target time to 6.4s.
Benchmarking update/workspace_10_one_change: Collecting 10 samples in estimated 6.4098 s (10 iterations)
Benchmarking update/workspace_10_one_change: Analyzing
update/workspace_10_one_change
                        time:   [548.86 ms 574.86 ms 608.76 ms]
                        change: [−2.6510% +2.2853% +8.2931%] (p = 0.50 > 0.05)
                        No change in performance detected.
Found 2 outliers among 10 measurements (20.00%)
  1 (10.00%) high mild
  1 (10.00%) high severe

