Gnuplot not found, using plotters backend
Benchmarking update/history_100
Benchmarking update/history_100: Warming up for 1.0000 s

Warning: Unable to complete 10 samples in 5.0s. You may wish to increase target time to 70.0s.
Benchmarking update/history_100: Collecting 10 samples in estimated 69.993 s (10 iterations)
Benchmarking update/history_100: Analyzing
update/history_100      time:   [6.9678 s 7.0422 s 7.1252 s]
                        change: [+35.585% +38.100% +40.848%] (p = 0.00 < 0.05)
                        Performance has regressed.
Found 1 outliers among 10 measurements (10.00%)
  1 (10.00%) high mild
Benchmarking update/workspace_10_one_change
Benchmarking update/workspace_10_one_change: Warming up for 1.0000 s

Warning: Unable to complete 10 samples in 5.0s. You may wish to increase target time to 13.5s.
Benchmarking update/workspace_10_one_change: Collecting 10 samples in estimated 13.535 s (10 iterations)
Benchmarking update/workspace_10_one_change: Analyzing
update/workspace_10_one_change
                        time:   [1.3327 s 1.3548 s 1.3796 s]
                        change: [−0.3551% +1.8978% +4.1188%] (p = 0.12 > 0.05)
                        No change in performance detected.
Found 2 outliers among 10 measurements (20.00%)
  2 (20.00%) high mild

