Gnuplot not found, using plotters backend
Benchmarking update/history_100
Benchmarking update/history_100: Warming up for 1.0000 s

Warning: Unable to complete 10 samples in 5.0s. You may wish to increase target time to 70.4s.
Benchmarking update/history_100: Collecting 10 samples in estimated 70.384 s (10 iterations)
Benchmarking update/history_100: Analyzing
update/history_100      time:   [6.9266 s 6.9909 s 7.0602 s]
                        change: [−2.6567% −1.3282% +0.1802%] (p = 0.09 > 0.05)
                        No change in performance detected.
Benchmarking update/workspace_10_one_change
Benchmarking update/workspace_10_one_change: Warming up for 1.0000 s

Warning: Unable to complete 10 samples in 5.0s. You may wish to increase target time to 14.0s.
Benchmarking update/workspace_10_one_change: Collecting 10 samples in estimated 13.962 s (10 iterations)
Benchmarking update/workspace_10_one_change: Analyzing
update/workspace_10_one_change
                        time:   [1.3430 s 1.3965 s 1.4629 s]
                        change: [−1.0660% +3.3077% +8.4799%] (p = 0.24 > 0.05)
                        No change in performance detected.
Found 1 outliers among 10 measurements (10.00%)
  1 (10.00%) high mild

