Gnuplot not found, using plotters backend
Benchmarking update/history_100
Benchmarking update/history_100: Warming up for 1.0000 s

Warning: Unable to complete 10 samples in 5.0s. You may wish to increase target time to 70.1s.
Benchmarking update/history_100: Collecting 10 samples in estimated 70.078 s (10 iterations)
Benchmarking update/history_100: Analyzing
update/history_100      time:   [6.9310 s 6.9840 s 7.0349 s]
                        change: [−3.2383% −1.8990% −0.4540%] (p = 0.03 < 0.05)
                        Change within noise threshold.
Benchmarking update/workspace_10_one_change
Benchmarking update/workspace_10_one_change: Warming up for 1.0000 s

Warning: Unable to complete 10 samples in 5.0s. You may wish to increase target time to 13.5s.
Benchmarking update/workspace_10_one_change: Collecting 10 samples in estimated 13.529 s (10 iterations)
Benchmarking update/workspace_10_one_change: Analyzing
update/workspace_10_one_change
                        time:   [1.3389 s 1.3551 s 1.3718 s]
                        change: [−6.4625% −2.4462% +1.5945%] (p = 0.30 > 0.05)
                        No change in performance detected.
Found 2 outliers among 10 measurements (20.00%)
  1 (10.00%) low mild
  1 (10.00%) high mild

