    Finished `bench` profile [optimized] target(s) in 0.11s
     Running benches/next_version.rs (/workspace/perf-target/release/deps/next_version-8917b6c9247993ca)
Gnuplot not found, using plotters backend
Benchmarking next_version/fixes/10
Benchmarking next_version/fixes/10: Warming up for 1.0000 s
Benchmarking next_version/fixes/10: Collecting 30 samples in estimated 2.0016 s (513k iterations)
Benchmarking next_version/fixes/10: Analyzing
next_version/fixes/10   time:   [3.7724 µs 3.8302 µs 3.9070 µs]
                        thrpt:  [2.5595 Melem/s 2.6109 Melem/s 2.6508 Melem/s]
                 change:
                        time:   [−4.8938% −3.5636% −1.5572%] (p = 0.00 < 0.05)
                        thrpt:  [+1.5819% +3.6953% +5.1457%]
                        Performance has improved.
Found 3 outliers among 30 measurements (10.00%)
  1 (3.33%) low mild
  2 (6.67%) high severe
Benchmarking next_version/features/10
Benchmarking next_version/features/10: Warming up for 1.0000 s
Benchmarking next_version/features/10: Collecting 30 samples in estimated 2.0007 s (570k iterations)
Benchmarking next_version/features/10: Analyzing
next_version/features/10
                        time:   [3.5283 µs 3.5783 µs 3.6432 µs]
                        thrpt:  [2.7449 Melem/s 2.7947 Melem/s 2.8342 Melem/s]
                 change:
                        time:   [−6.2222% −4.1784% −2.2434%] (p = 0.00 < 0.05)
                        thrpt:  [+2.2949% +4.3606% +6.6351%]
                        Performance has improved.
Found 3 outliers among 30 measurements (10.00%)
  1 (3.33%) high mild
  2 (6.67%) high severe
Benchmarking next_version/breaking/10
Benchmarking next_version/breaking/10: Warming up for 1.0000 s
Benchmarking next_version/breaking/10: Collecting 30 samples in estimated 2.0009 s (658k iterations)
Benchmarking next_version/breaking/10: Analyzing
next_version/breaking/10
                        time:   [3.0336 µs 3.0664 µs 3.1077 µs]
                        thrpt:  [3.2179 Melem/s 3.2611 Melem/s 3.2964 Melem/s]
                 change:
                        time:   [−5.1137% −3.9008% −2.5240%] (p = 0.00 < 0.05)
                        thrpt:  [+2.5893% +4.0592% +5.3893%]
                        Performance has improved.
Found 2 outliers among 30 measurements (6.67%)
  1 (3.33%) high mild
  1 (3.33%) high severe
Benchmarking next_version/fixes/100
Benchmarking next_version/fixes/100: Warming up for 1.0000 s
Benchmarking next_version/fixes/100: Collecting 30 samples in estimated 2.0102 s (56k iterations)
Benchmarking next_version/fixes/100: Analyzing
next_version/fixes/100  time:   [35.805 µs 36.068 µs 36.485 µs]
                        thrpt:  [2.7408 Melem/s 2.7726 Melem/s 2.7929 Melem/s]
                 change:
                        time:   [−7.0312% −4.8546% −2.7103%] (p = 0.00 < 0.05)
                        thrpt:  [+2.7858% +5.1023% +7.5629%]
                        Performance has improved.
Found 2 outliers among 30 measurements (6.67%)
  1 (3.33%) high mild
  1 (3.33%) high severe
Benchmarking next_version/features/100
Benchmarking next_version/features/100: Warming up for 1.0000 s
Benchmarking next_version/features/100: Collecting 30 samples in estimated 2.0122 s (62k iterations)
Benchmarking next_version/features/100: Analyzing
next_version/features/100
                        time:   [32.551 µs 32.809 µs 33.041 µs]
                        thrpt:  [3.0266 Melem/s 3.0479 Melem/s 3.0721 Melem/s]
                 change:
                        time:   [−15.642% −10.334% −5.8294%] (p = 0.00 < 0.05)
                        thrpt:  [+6.1902% +11.525% +18.542%]
                        Performance has improved.
Found 1 outliers among 30 measurements (3.33%)
  1 (3.33%) low mild
Benchmarking next_version/breaking/100
Benchmarking next_version/breaking/100: Warming up for 1.0000 s
Benchmarking next_version/breaking/100: Collecting 30 samples in estimated 2.0050 s (70k iterations)
Benchmarking next_version/breaking/100: Analyzing
next_version/breaking/100
                        time:   [28.316 µs 28.464 µs 28.592 µs]
                        thrpt:  [3.4975 Melem/s 3.5132 Melem/s 3.5316 Melem/s]
                 change:
                        time:   [−6.5650% −5.6083% −4.7341%] (p = 0.00 < 0.05)
                        thrpt:  [+4.9694% +5.9415% +7.0263%]
                        Performance has improved.
Found 2 outliers among 30 measurements (6.67%)
  2 (6.67%) low mild
Benchmarking next_version/fixes/1000
Benchmarking next_version/fixes/1000: Warming up for 1.0000 s
Benchmarking next_version/fixes/1000: Collecting 30 samples in estimated 2.1594 s (6045 iterations)
Benchmarking next_version/fixes/1000: Analyzing
next_version/fixes/1000 time:   [373.04 µs 402.98 µs 430.54 µs]
                        thrpt:  [2.3226 Melem/s 2.4815 Melem/s 2.6807 Melem/s]
                 change:
                        time:   [−10.337% −5.5303% −0.6862%] (p = 0.03 < 0.05)
                        thrpt:  [+0.6910% +5.8541% +11.529%]
                        Change within noise threshold.
Found 5 outliers among 30 measurements (16.67%)
  5 (16.67%) high severe
Benchmarking next_version/features/1000
Benchmarking next_version/features/1000: Warming up for 1.0000 s
Benchmarking next_version/features/1000: Collecting 30 samples in estimated 2.0968 s (6510 iterations)
Benchmarking next_version/features/1000: Analyzing
next_version/features/1000
                        time:   [322.66 µs 326.32 µs 332.95 µs]
                        thrpt:  [3.0034 Melem/s 3.0645 Melem/s 3.0992 Melem/s]
                 change:
                        time:   [−11.917% −9.8766% −7.7101%] (p = 0.00 < 0.05)
                        thrpt:  [+8.3542% +10.959% +13.529%]
                        Performance has improved.
Found 4 outliers among 30 measurements (13.33%)
  4 (13.33%) high severe
Benchmarking next_version/breaking/1000
Benchmarking next_version/breaking/1000: Warming up for 1.0000 s
Benchmarking next_version/breaking/1000: Collecting 30 samples in estimated 2.1025 s (7440 iterations)
Benchmarking next_version/breaking/1000: Analyzing
next_version/breaking/1000
                        time:   [280.68 µs 283.02 µs 286.21 µs]
                        thrpt:  [3.4940 Melem/s 3.5333 Melem/s 3.5627 Melem/s]
                 change:
                        time:   [−13.724% −12.109% −10.613%] (p = 0.00 < 0.05)
                        thrpt:  [+11.873% +13.777% +15.906%]
                        Performance has improved.
Found 4 outliers among 30 measurements (13.33%)
  2 (6.67%) low mild
  1 (3.33%) high mild
  1 (3.33%) high severe

