    Finished `bench` profile [optimized] target(s) in 0.11s
     Running benches/next_version.rs (/workspace/perf-target/release/deps/next_version-8917b6c9247993ca)
Gnuplot not found, using plotters backend
Benchmarking next_version/fixes/10
Benchmarking next_version/fixes/10: Warming up for 1.0000 s
Benchmarking next_version/fixes/10: Collecting 30 samples in estimated 2.0008 s (495k iterations)
Benchmarking next_version/fixes/10: Analyzing
next_version/fixes/10   time:   [3.6319 µs 3.6446 µs 3.6632 µs]
                        thrpt:  [2.7298 Melem/s 2.7438 Melem/s 2.7534 Melem/s]
                 change:
                        time:   [−5.2542% −3.2555% −1.3874%] (p = 0.00 < 0.05)
                        thrpt:  [+1.4069% +3.3650% +5.5456%]
                        Performance has improved.
Found 4 outliers among 30 measurements (13.33%)
  1 (3.33%) low mild
  2 (6.67%) high mild
  1 (3.33%) high severe
Benchmarking next_version/features/10
Benchmarking next_version/features/10: Warming up for 1.0000 s
Benchmarking next_version/features/10: Collecting 30 samples in estimated 2.0004 s (585k iterations)
Benchmarking next_version/features/10: Analyzing
next_version/features/10
                        time:   [3.4137 µs 3.4368 µs 3.4725 µs]
                        thrpt:  [2.8798 Melem/s 2.9097 Melem/s 2.9294 Melem/s]
                 change:
                        time:   [−4.1548% −2.7350% −1.3791%] (p = 0.00 < 0.05)
                        thrpt:  [+1.3984% +2.8119% +4.3349%]
                        Performance has improved.
Found 4 outliers among 30 measurements (13.33%)
  1 (3.33%) low mild
  1 (3.33%) high mild
  2 (6.67%) high severe
Benchmarking next_version/breaking/10
Benchmarking next_version/breaking/10: Warming up for 1.0000 s
Benchmarking next_version/breaking/10: Collecting 30 samples in estimated 2.0013 s (692k iterations)
Benchmarking next_version/breaking/10: Analyzing
next_version/breaking/10
                        time:   [2.9233 µs 2.9518 µs 2.9870 µs]
                        thrpt:  [3.3478 Melem/s 3.3878 Melem/s 3.4208 Melem/s]
                 change:
                        time:   [−4.6516% −3.3268% −2.1160%] (p = 0.00 < 0.05)
                        thrpt:  [+2.1617% +3.4413% +4.8785%]
                        Performance has improved.
Found 2 outliers among 30 measurements (6.67%)
  2 (6.67%) high mild
Benchmarking next_version/fixes/100
Benchmarking next_version/fixes/100: Warming up for 1.0000 s
Benchmarking next_version/fixes/100: Collecting 30 samples in estimated 2.0039 s (58k iterations)
Benchmarking next_version/fixes/100: Analyzing
next_version/fixes/100  time:   [34.428 µs 34.534 µs 34.669 µs]
                        thrpt:  [2.8844 Melem/s 2.8957 Melem/s 2.9046 Melem/s]
                 change:
                        time:   [−5.4797% −3.7560% −2.4082%] (p = 0.00 < 0.05)
                        thrpt:  [+2.4677% +3.9026% +5.7974%]
                        Performance has improved.
Benchmarking next_version/features/100
Benchmarking next_version/features/100: Warming up for 1.0000 s
Benchmarking next_version/features/100: Collecting 30 samples in estimated 2.0017 s (64k iterations)
Benchmarking next_version/features/100: Analyzing
next_version/features/100
                        time:   [31.316 µs 31.501 µs 31.767 µs]
                        thrpt:  [3.1479 Melem/s 3.1745 Melem/s 3.1933 Melem/s]
                 change:
                        time:   [−3.5799% −2.5052% −1.3766%] (p = 0.00 < 0.05)
                        thrpt:  [+1.3958% +2.5696% +3.7128%]
                        Performance has improved.
Found 4 outliers among 30 measurements (13.33%)
  3 (10.00%) high mild
  1 (3.33%) high severe
Benchmarking next_version/breaking/100
Benchmarking next_version/breaking/100: Warming up for 1.0000 s
Benchmarking next_version/breaking/100: Collecting 30 samples in estimated 2.0073 s (75k iterations)
Benchmarking next_version/breaking/100: Analyzing
next_version/breaking/100
                        time:   [27.151 µs 27.403 µs 27.748 µs]
                        thrpt:  [3.6039 Melem/s 3.6492 Melem/s 3.6830 Melem/s]
                 change:
                        time:   [−3.3207% −2.3665% −1.2636%] (p = 0.00 < 0.05)
                        thrpt:  [+1.2798% +2.4239% +3.4348%]
                        Performance has improved.
Found 3 outliers among 30 measurements (10.00%)
  2 (6.67%) high mild
  1 (3.33%) high severe
Benchmarking next_version/fixes/1000
Benchmarking next_version/fixes/1000: Warming up for 1.0000 s
Benchmarking next_version/fixes/1000: Collecting 30 samples in estimated 2.0564 s (6045 iterations)
Benchmarking next_version/fixes/1000: Analyzing
next_version/fixes/1000 time:   [342.97 µs 344.55 µs 346.25 µs]
                        thrpt:  [2.8881 Melem/s 2.9024 Melem/s 2.9157 Melem/s]
                 change:
                        time:   [−12.353% −8.4072% −4.7471%] (p = 0.00 < 0.05)
                        thrpt:  [+4.9836% +9.1789% +14.095%]
                        Performance has improved.
Benchmarking next_version/features/1000
Benchmarking next_version/features/1000: Warming up for 1.0000 s
Benchmarking next_version/features/1000: Collecting 30 samples in estimated 2.0150 s (6510 iterations)
Benchmarking next_version/features/1000: Analyzing
next_version/features/1000
                        time:   [313.08 µs 314.14 µs 315.49 µs]
                        thrpt:  [3.1697 Melem/s 3.1833 Melem/s 3.1941 Melem/s]
                 change:
                        time:   [−6.7191% −4.6002% −2.7563%] (p = 0.00 < 0.05)
                        thrpt:  [+2.8344% +4.8221% +7.2030%]
                        Performance has improved.
Benchmarking next_version/breaking/1000
Benchmarking next_version/breaking/1000: Warming up for 1.0000 s
Benchmarking next_version/breaking/1000: Collecting 30 samples in estimated 2.0055 s (7440 iterations)
Benchmarking next_version/breaking/1000: Analyzing
next_version/breaking/1000
                        time:   [274.06 µs 278.80 µs 284.42 µs]
                        thrpt:  [3.5159 Melem/s 3.5868 Melem/s 3.6488 Melem/s]
                 change:
                        time:   [−2.1807% −1.0178% +0.1950%] (p = 0.11 > 0.05)
                        thrpt:  [−0.1946% +1.0283% +2.2293%]
                        No change in performance detected.
Found 2 outliers among 30 measurements (6.67%)
  1 (3.33%) high mild
  1 (3.33%) high severe

