   Compiling serde_core v1.0.229
   Compiling memchr v2.8.3
   Compiling syn v2.0.119
   Compiling syn v3.0.6
   Compiling cc v1.6.0
   Compiling serde_derive v1.0.229
   Compiling aho-corasick v1.1.5
   Compiling serde_json v1.0.151
   Compiling libc v0.2.190
   Compiling alloca v0.4.0
   Compiling either v1.18.0
   Compiling clap_builder v4.6.7
   Compiling zerocopy-derive v0.8.59
   Compiling serde v1.0.229
   Compiling zerocopy v0.8.59
   Compiling regex-automata v0.4.18
   Compiling regex v1.13.1
   Compiling half v2.7.1
   Compiling ciborium-ll v0.2.2
   Compiling itertools v0.13.0
   Compiling criterion-plot v0.8.2
   Compiling page_size v0.6.0
   Compiling tinytemplate v1.2.1
   Compiling ciborium v0.2.2
   Compiling clap v4.6.7
   Compiling semver v1.0.28
   Compiling criterion v0.8.2
   Compiling next_version v0.3.2 (/workspace/perf-version/crates/next_version)
    Finished `bench` profile [optimized] target(s) in 24.09s
  Executable benches/next_version.rs (/workspace/perf-target/release/deps/next_version-8917b6c9247993ca)
