    Finished `bench` profile [optimized] target(s) in 0.17s
     Running benches/next_version.rs (/workspace/perf-target/release/deps/next_version-8917b6c9247993ca)
Gnuplot not found, using plotters backend
Benchmarking next_version/fixes/10
Benchmarking next_version/fixes/10: Warming up for 1.0000 s
Benchmarking next_version/fixes/10: Collecting 30 samples in estimated 2.0018 s (487k iterations)
Benchmarking next_version/fixes/10: Analyzing
next_version/fixes/10   time:   [3.9666 µs 4.0310 µs 4.1112 µs]
                        thrpt:  [2.4324 Melem/s 2.4808 Melem/s 2.5210 Melem/s]
                 change:
                        time:   [−16.550% −14.364% −12.051%] (p = 0.00 < 0.05)
                        thrpt:  [+13.702% +16.774% +19.833%]
                        Performance has improved.
Found 1 outliers among 30 measurements (3.33%)
  1 (3.33%) high mild
Benchmarking next_version/features/10
Benchmarking next_version/features/10: Warming up for 1.0000 s
Benchmarking next_version/features/10: Collecting 30 samples in estimated 2.0013 s (547k iterations)
Benchmarking next_version/features/10: Analyzing
next_version/features/10
                        time:   [3.6334 µs 3.6425 µs 3.6523 µs]
                        thrpt:  [2.7380 Melem/s 2.7454 Melem/s 2.7523 Melem/s]
                 change:
                        time:   [−4.3912% −3.3212% −2.2124%] (p = 0.00 < 0.05)
                        thrpt:  [+2.2625% +3.4353% +4.5929%]
                        Performance has improved.
Found 2 outliers among 30 measurements (6.67%)
  1 (3.33%) high mild
  1 (3.33%) high severe
Benchmarking next_version/breaking/10
Benchmarking next_version/breaking/10: Warming up for 1.0000 s
Benchmarking next_version/breaking/10: Collecting 30 samples in estimated 2.0008 s (633k iterations)
Benchmarking next_version/breaking/10: Analyzing
next_version/breaking/10
                        time:   [3.1143 µs 3.1392 µs 3.1689 µs]
                        thrpt:  [3.1556 Melem/s 3.1855 Melem/s 3.2110 Melem/s]
                 change:
                        time:   [−6.4544% −4.3067% −2.2846%] (p = 0.00 < 0.05)
                        thrpt:  [+2.3380% +4.5005% +6.8998%]
                        Performance has improved.
Found 1 outliers among 30 measurements (3.33%)
  1 (3.33%) high mild
Benchmarking next_version/fixes/100
Benchmarking next_version/fixes/100: Warming up for 1.0000 s
Benchmarking next_version/fixes/100: Collecting 30 samples in estimated 2.0049 s (54k iterations)
Benchmarking next_version/fixes/100: Analyzing
next_version/fixes/100  time:   [36.766 µs 37.018 µs 37.383 µs]
                        thrpt:  [2.6750 Melem/s 2.7014 Melem/s 2.7199 Melem/s]
                 change:
                        time:   [−1.2648% −0.2823% +0.7201%] (p = 0.60 > 0.05)
                        thrpt:  [−0.7149% +0.2831% +1.2810%]
                        No change in performance detected.
Found 4 outliers among 30 measurements (13.33%)
  3 (10.00%) high mild
  1 (3.33%) high severe
Benchmarking next_version/features/100
Benchmarking next_version/features/100: Warming up for 1.0000 s
Benchmarking next_version/features/100: Collecting 30 samples in estimated 2.0107 s (60k iterations)
Benchmarking next_version/features/100: Analyzing
next_version/features/100
                        time:   [33.270 µs 33.392 µs 33.600 µs]
                        thrpt:  [2.9762 Melem/s 2.9947 Melem/s 3.0057 Melem/s]
                 change:
                        time:   [−1.2146% −0.3865% +0.6856%] (p = 0.46 > 0.05)
                        thrpt:  [−0.6809% +0.3880% +1.2296%]
                        No change in performance detected.
Found 2 outliers among 30 measurements (6.67%)
  1 (3.33%) high mild
  1 (3.33%) high severe
Benchmarking next_version/breaking/100
Benchmarking next_version/breaking/100: Warming up for 1.0000 s
Benchmarking next_version/breaking/100: Collecting 30 samples in estimated 2.0031 s (67k iterations)
Benchmarking next_version/breaking/100: Analyzing
next_version/breaking/100
                        time:   [29.321 µs 29.456 µs 29.634 µs]
                        thrpt:  [3.3745 Melem/s 3.3949 Melem/s 3.4105 Melem/s]
                 change:
                        time:   [−2.6064% −1.1247% +0.2296%] (p = 0.14 > 0.05)
                        thrpt:  [−0.2290% +1.1375% +2.6761%]
                        No change in performance detected.
Found 4 outliers among 30 measurements (13.33%)
  2 (6.67%) high mild
  2 (6.67%) high severe
Benchmarking next_version/fixes/1000
Benchmarking next_version/fixes/1000: Warming up for 1.0000 s
Benchmarking next_version/fixes/1000: Collecting 30 samples in estimated 2.0522 s (5580 iterations)
Benchmarking next_version/fixes/1000: Analyzing
next_version/fixes/1000 time:   [377.02 µs 382.44 µs 388.79 µs]
                        thrpt:  [2.5721 Melem/s 2.6148 Melem/s 2.6523 Melem/s]
                 change:
                        time:   [+1.0464% +5.1759% +9.7106%] (p = 0.01 < 0.05)
                        thrpt:  [−8.8511% −4.9212% −1.0356%]
                        Performance has regressed.
Found 5 outliers among 30 measurements (16.67%)
  2 (6.67%) high mild
  3 (10.00%) high severe
Benchmarking next_version/features/1000
Benchmarking next_version/features/1000: Warming up for 1.0000 s
Benchmarking next_version/features/1000: Collecting 30 samples in estimated 2.0149 s (5580 iterations)
Benchmarking next_version/features/1000: Analyzing
next_version/features/1000
                        time:   [342.39 µs 348.55 µs 357.04 µs]
                        thrpt:  [2.8008 Melem/s 2.8690 Melem/s 2.9206 Melem/s]
                 change:
                        time:   [+2.8633% +4.8490% +7.1731%] (p = 0.00 < 0.05)
                        thrpt:  [−6.6930% −4.6248% −2.7836%]
                        Performance has regressed.
Found 1 outliers among 30 measurements (3.33%)
  1 (3.33%) high severe
Benchmarking next_version/breaking/1000
Benchmarking next_version/breaking/1000: Warming up for 1.0000 s
Benchmarking next_version/breaking/1000: Collecting 30 samples in estimated 2.0836 s (6975 iterations)
Benchmarking next_version/breaking/1000: Analyzing
next_version/breaking/1000
                        time:   [296.94 µs 298.28 µs 300.21 µs]
                        thrpt:  [3.3310 Melem/s 3.3525 Melem/s 3.3676 Melem/s]
                 change:
                        time:   [+1.1423% +2.3122% +3.5604%] (p = 0.00 < 0.05)
                        thrpt:  [−3.4380% −2.2599% −1.1294%]
                        Performance has regressed.
Found 2 outliers among 30 measurements (6.67%)
  2 (6.67%) high severe

