    Finished `bench` profile [optimized] target(s) in 0.30s
     Running benches/changelog_render.rs (/workspace/perf-target/release/deps/changelog_render-48f3861422a3f7f1)
Gnuplot not found, using plotters backend
Benchmarking default_git_config
Benchmarking default_git_config: Warming up for 1.0000 s
Benchmarking default_git_config: Collecting 30 samples in estimated 2.0005 s (1.1M iterations)
Benchmarking default_git_config: Analyzing
default_git_config      time:   [1.7136 µs 1.7278 µs 1.7501 µs]
                        change: [−2.5346% +0.7544% +4.9422%] (p = 0.71 > 0.05)
                        No change in performance detected.
Found 6 outliers among 30 measurements (20.00%)
  3 (10.00%) high mild
  3 (10.00%) high severe

Benchmarking changelog_generate/10
Benchmarking changelog_generate/10: Warming up for 1.0000 s
Benchmarking changelog_generate/10: Collecting 30 samples in estimated 2.2002 s (3720 iterations)
Benchmarking changelog_generate/10: Analyzing
changelog_generate/10   time:   [586.21 µs 603.09 µs 624.25 µs]
                        change: [−2.6374% −0.3236% +2.0920%] (p = 0.80 > 0.05)
                        No change in performance detected.
Found 4 outliers among 30 measurements (13.33%)
  2 (6.67%) high mild
  2 (6.67%) high severe
Benchmarking changelog_generate/100
Benchmarking changelog_generate/100: Warming up for 1.0000 s
Benchmarking changelog_generate/100: Collecting 30 samples in estimated 2.7061 s (930 iterations)
Benchmarking changelog_generate/100: Analyzing
changelog_generate/100  time:   [2.8399 ms 2.8652 ms 2.9035 ms]
                        change: [−5.9547% −2.8812% +0.7767%] (p = 0.10 > 0.05)
                        No change in performance detected.
Found 4 outliers among 30 measurements (13.33%)
  1 (3.33%) high mild
  3 (10.00%) high severe

