    Finished `bench` profile [optimized] target(s) in 0.27s
     Running benches/changelog_render.rs (/workspace/perf-target/release/deps/changelog_render-48f3861422a3f7f1)
Gnuplot not found, using plotters backend
Benchmarking default_git_config
Benchmarking default_git_config: Warming up for 1.0000 s
Benchmarking default_git_config: Collecting 30 samples in estimated 2.1072 s (7905 iterations)
Benchmarking default_git_config: Analyzing
default_git_config      time:   [263.00 µs 266.40 µs 272.66 µs]
                        change: [−0.5555% +2.2015% +5.8761%] (p = 0.21 > 0.05)
                        No change in performance detected.
Found 6 outliers among 30 measurements (20.00%)
  1 (3.33%) low mild
  1 (3.33%) high mild
  4 (13.33%) high severe

Benchmarking changelog_generate/10
Benchmarking changelog_generate/10: Warming up for 1.0000 s
Benchmarking changelog_generate/10: Collecting 30 samples in estimated 2.1643 s (1395 iterations)
Benchmarking changelog_generate/10: Analyzing
changelog_generate/10   time:   [1.5508 ms 1.5886 ms 1.6386 ms]
                        change: [−5.3720% −0.2643% +3.7051%] (p = 0.93 > 0.05)
                        No change in performance detected.
Found 2 outliers among 30 measurements (6.67%)
  2 (6.67%) high severe
Benchmarking changelog_generate/100
Benchmarking changelog_generate/100: Warming up for 1.0000 s

Warning: Unable to complete 30 samples in 2.0s. You may wish to increase target time to 2.2s, enable flat sampling, or reduce sample count to 10.
Benchmarking changelog_generate/100: Collecting 30 samples in estimated 2.2157 s (465 iterations)
Benchmarking changelog_generate/100: Analyzing
changelog_generate/100  time:   [4.0335 ms 4.2602 ms 4.6743 ms]
                        change: [+7.7463% +13.896% +21.485%] (p = 0.00 < 0.05)
                        Performance has regressed.
Found 6 outliers among 30 measurements (20.00%)
  3 (10.00%) high mild
  3 (10.00%) high severe

