    Finished `bench` profile [optimized] target(s) in 0.27s
     Running benches/changelog_render.rs (/workspace/perf-target/release/deps/changelog_render-48f3861422a3f7f1)
Gnuplot not found, using plotters backend
Benchmarking default_git_config
Benchmarking default_git_config: Warming up for 1.0000 s
Benchmarking default_git_config: Collecting 30 samples in estimated 2.0942 s (7905 iterations)
Benchmarking default_git_config: Analyzing
default_git_config      time:   [263.34 µs 266.59 µs 270.37 µs]
Found 5 outliers among 30 measurements (16.67%)
  1 (3.33%) low mild
  3 (10.00%) high mild
  1 (3.33%) high severe

Benchmarking changelog_generate/10
Benchmarking changelog_generate/10: Warming up for 1.0000 s
Benchmarking changelog_generate/10: Collecting 30 samples in estimated 2.2397 s (1395 iterations)
Benchmarking changelog_generate/10: Analyzing
changelog_generate/10   time:   [1.5374 ms 1.5466 ms 1.5557 ms]
Found 1 outliers among 30 measurements (3.33%)
  1 (3.33%) high severe
Benchmarking changelog_generate/100
Benchmarking changelog_generate/100: Warming up for 1.0000 s
Benchmarking changelog_generate/100: Collecting 30 samples in estimated 3.6073 s (930 iterations)
Benchmarking changelog_generate/100: Analyzing
changelog_generate/100  time:   [3.8829 ms 3.9360 ms 3.9858 ms]
Found 2 outliers among 30 measurements (6.67%)
  2 (6.67%) high mild

