    Finished `bench` profile [optimized] target(s) in 0.29s
     Running benches/changelog_render.rs (/workspace/perf-target/release/deps/changelog_render-48f3861422a3f7f1)
Gnuplot not found, using plotters backend
Benchmarking default_git_config
Benchmarking default_git_config: Warming up for 1.0000 s
Benchmarking default_git_config: Collecting 30 samples in estimated 2.0008 s (1.1M iterations)
Benchmarking default_git_config: Analyzing
default_git_config      time:   [1.8026 µs 1.8262 µs 1.8542 µs]
                        change: [−2.2428% +1.5107% +4.6187%] (p = 0.42 > 0.05)
                        No change in performance detected.
Found 4 outliers among 30 measurements (13.33%)
  1 (3.33%) low mild
  1 (3.33%) high mild
  2 (6.67%) high severe

Benchmarking changelog_generate/10
Benchmarking changelog_generate/10: Warming up for 1.0000 s
Benchmarking changelog_generate/10: Collecting 30 samples in estimated 2.2493 s (3720 iterations)
Benchmarking changelog_generate/10: Analyzing
changelog_generate/10   time:   [594.36 µs 601.67 µs 611.24 µs]
                        change: [−1.3100% +1.7286% +4.8413%] (p = 0.30 > 0.05)
                        No change in performance detected.
Found 2 outliers among 30 measurements (6.67%)
  2 (6.67%) high severe
Benchmarking changelog_generate/100
Benchmarking changelog_generate/100: Warming up for 1.0000 s
Benchmarking changelog_generate/100: Collecting 30 samples in estimated 2.7357 s (930 iterations)
Benchmarking changelog_generate/100: Analyzing
changelog_generate/100  time:   [2.9362 ms 2.9534 ms 2.9735 ms]
                        change: [−2.5319% +0.8619% +3.3705%] (p = 0.63 > 0.05)
                        No change in performance detected.
Found 2 outliers among 30 measurements (6.67%)
  1 (3.33%) low mild
  1 (3.33%) high mild

