VALIDATION all remote rendering and default config/render/prepend checks passed
sample remote_context_10 0 before_ns=5930.629 after_ns=4148.834
sample remote_context_10 1 before_ns=5806.764 after_ns=4229.726
sample remote_context_10 2 before_ns=5848.159 after_ns=4180.801
sample remote_context_10 3 before_ns=5756.144 after_ns=4070.242
sample remote_context_10 4 before_ns=5855.080 after_ns=4073.386
sample remote_context_10 5 before_ns=5710.634 after_ns=4070.559
sample remote_context_10 6 before_ns=5711.576 after_ns=4073.757
sample remote_context_10 7 before_ns=5752.011 after_ns=4072.763
sample remote_context_10 8 before_ns=5701.843 after_ns=4093.347
sample remote_context_10 9 before_ns=5852.884 after_ns=4317.182
sample remote_context_10 10 before_ns=5793.341 after_ns=4090.786
sample remote_context_10 11 before_ns=5759.213 after_ns=4074.350
sample remote_context_10 12 before_ns=5760.063 after_ns=4068.911
sample remote_context_10 13 before_ns=5667.850 after_ns=4074.217
sample remote_context_10 14 before_ns=5671.828 after_ns=4089.253
sample remote_context_10 15 before_ns=5747.431 after_ns=4106.965
sample remote_context_10 16 before_ns=5688.398 after_ns=4089.576
sample remote_context_10 17 before_ns=5759.642 after_ns=4107.382
sample remote_context_10 18 before_ns=5719.474 after_ns=4104.364
sample remote_context_10 19 before_ns=5978.919 after_ns=4127.321
sample remote_context_10 20 before_ns=5826.511 after_ns=4097.356
RESULT remote_context_10 before_ns=5759.213 after_ns=4090.786 reduction_percent=28.970
sample remote_generate_10 0 before_ns=148090.544 after_ns=144888.581
sample remote_generate_10 1 before_ns=146832.880 after_ns=145006.846
sample remote_generate_10 2 before_ns=148564.474 after_ns=145780.451
sample remote_generate_10 3 before_ns=149853.945 after_ns=146928.167
sample remote_generate_10 4 before_ns=149257.775 after_ns=148156.718
sample remote_generate_10 5 before_ns=152714.964 after_ns=148130.869
sample remote_generate_10 6 before_ns=155271.163 after_ns=152654.070
sample remote_generate_10 7 before_ns=177085.912 after_ns=152160.892
sample remote_generate_10 8 before_ns=177356.767 after_ns=156723.538
sample remote_generate_10 9 before_ns=169810.837 after_ns=155116.440
sample remote_generate_10 10 before_ns=165293.461 after_ns=178693.380
sample remote_generate_10 11 before_ns=170286.020 after_ns=157130.177
sample remote_generate_10 12 before_ns=176216.218 after_ns=161745.748
sample remote_generate_10 13 before_ns=153609.618 after_ns=151991.912
sample remote_generate_10 14 before_ns=153216.089 after_ns=152895.186
sample remote_generate_10 15 before_ns=155082.451 after_ns=152044.764
sample remote_generate_10 16 before_ns=153564.961 after_ns=150850.045
sample remote_generate_10 17 before_ns=153310.124 after_ns=151741.462
sample remote_generate_10 18 before_ns=153380.520 after_ns=152049.315
sample remote_generate_10 19 before_ns=153534.582 after_ns=151860.002
sample remote_generate_10 20 before_ns=153600.726 after_ns=155820.908
RESULT remote_generate_10 before_ns=153564.961 after_ns=152044.764 reduction_percent=0.990
sample remote_context_100 0 before_ns=59909.751 after_ns=51938.825
sample remote_context_100 1 before_ns=61136.925 after_ns=52097.616
sample remote_context_100 2 before_ns=62368.689 after_ns=52892.786
sample remote_context_100 3 before_ns=60125.954 after_ns=51788.331
sample remote_context_100 4 before_ns=60163.125 after_ns=51863.978
sample remote_context_100 5 before_ns=60938.498 after_ns=53140.223
sample remote_context_100 6 before_ns=59806.280 after_ns=51489.825
sample remote_context_100 7 before_ns=59885.217 after_ns=51532.303
sample remote_context_100 8 before_ns=59853.351 after_ns=51581.078
sample remote_context_100 9 before_ns=60170.782 after_ns=52004.582
sample remote_context_100 10 before_ns=60138.896 after_ns=52211.270
sample remote_context_100 11 before_ns=59978.016 after_ns=51473.425
sample remote_context_100 12 before_ns=59995.412 after_ns=51361.361
sample remote_context_100 13 before_ns=59864.204 after_ns=51386.603
sample remote_context_100 14 before_ns=60905.284 after_ns=52290.376
sample remote_context_100 15 before_ns=61109.552 after_ns=51988.965
sample remote_context_100 16 before_ns=61365.064 after_ns=52247.859
sample remote_context_100 17 before_ns=61946.843 after_ns=53429.886
sample remote_context_100 18 before_ns=60816.239 after_ns=52760.417
sample remote_context_100 19 before_ns=61108.129 after_ns=52201.514
sample remote_context_100 20 before_ns=61079.605 after_ns=52681.294
RESULT remote_context_100 before_ns=60170.782 after_ns=52004.582 reduction_percent=13.572
sample remote_generate_100 0 before_ns=334164.467 after_ns=329116.200
sample remote_generate_100 1 before_ns=333978.620 after_ns=324204.416
sample remote_generate_100 2 before_ns=333893.227 after_ns=331267.310
sample remote_generate_100 3 before_ns=334099.853 after_ns=326925.081
sample remote_generate_100 4 before_ns=333787.620 after_ns=324206.984
sample remote_generate_100 5 before_ns=343309.553 after_ns=327690.968
sample remote_generate_100 6 before_ns=338301.300 after_ns=325377.187
sample remote_generate_100 7 before_ns=340728.760 after_ns=323402.042
sample remote_generate_100 8 before_ns=335481.353 after_ns=325885.045
sample remote_generate_100 9 before_ns=338817.303 after_ns=327906.613
sample remote_generate_100 10 before_ns=338133.017 after_ns=324510.116
sample remote_generate_100 11 before_ns=351020.679 after_ns=331174.171
sample remote_generate_100 12 before_ns=337277.970 after_ns=325220.794
sample remote_generate_100 13 before_ns=342296.703 after_ns=342481.483
sample remote_generate_100 14 before_ns=338195.743 after_ns=334541.013
sample remote_generate_100 15 before_ns=335030.377 after_ns=336209.740
sample remote_generate_100 16 before_ns=334252.813 after_ns=322664.032
sample remote_generate_100 17 before_ns=336755.453 after_ns=325607.500
sample remote_generate_100 18 before_ns=336222.357 after_ns=323722.165
sample remote_generate_100 19 before_ns=334579.403 after_ns=324243.816
sample remote_generate_100 20 before_ns=336075.773 after_ns=324885.484
RESULT remote_generate_100 before_ns=336222.357 after_ns=325607.500 reduction_percent=3.157
sample remote_context_1000 0 before_ns=568313.411 after_ns=485741.190
sample remote_context_1000 1 before_ns=576320.828 after_ns=484306.233
sample remote_context_1000 2 before_ns=577130.761 after_ns=484925.971
sample remote_context_1000 3 before_ns=584761.944 after_ns=487597.443
sample remote_context_1000 4 before_ns=578235.411 after_ns=490683.386
sample remote_context_1000 5 before_ns=578428.872 after_ns=482151.062
sample remote_context_1000 6 before_ns=564858.250 after_ns=496644.205
sample remote_context_1000 7 before_ns=575416.978 after_ns=481667.862
sample remote_context_1000 8 before_ns=572708.206 after_ns=479769.267
sample remote_context_1000 9 before_ns=565310.061 after_ns=477594.300
sample remote_context_1000 10 before_ns=570947.378 after_ns=485690.233
sample remote_context_1000 11 before_ns=581568.922 after_ns=481282.643
sample remote_context_1000 12 before_ns=576675.161 after_ns=482714.171
sample remote_context_1000 13 before_ns=578324.683 after_ns=482402.224
sample remote_context_1000 14 before_ns=575071.211 after_ns=481067.757
sample remote_context_1000 15 before_ns=574374.222 after_ns=481851.257
sample remote_context_1000 16 before_ns=608636.600 after_ns=486296.519
sample remote_context_1000 17 before_ns=598889.912 after_ns=484240.829
sample remote_context_1000 18 before_ns=576419.167 after_ns=496255.167
sample remote_context_1000 19 before_ns=637948.838 after_ns=482648.114
sample remote_context_1000 20 before_ns=582422.806 after_ns=484407.319
RESULT remote_context_1000 before_ns=576675.161 after_ns=484240.829 reduction_percent=16.029
sample remote_generate_1000 0 before_ns=1757357.833 after_ns=1618447.057
sample remote_generate_1000 1 before_ns=1737713.800 after_ns=1678644.200
sample remote_generate_1000 2 before_ns=1770507.333 after_ns=1696279.133
sample remote_generate_1000 3 before_ns=1732531.750 after_ns=1681042.100
sample remote_generate_1000 4 before_ns=1731061.867 after_ns=1663624.571
sample remote_generate_1000 5 before_ns=1773279.133 after_ns=1674659.067
sample remote_generate_1000 6 before_ns=1802362.267 after_ns=1664009.443
sample remote_generate_1000 7 before_ns=1747879.167 after_ns=1658715.100
sample remote_generate_1000 8 before_ns=1760566.967 after_ns=1672289.017
sample remote_generate_1000 9 before_ns=1766429.050 after_ns=1666825.014
sample remote_generate_1000 10 before_ns=1758249.183 after_ns=1682685.567
sample remote_generate_1000 11 before_ns=1781226.683 after_ns=1674520.700
sample remote_generate_1000 12 before_ns=1803454.400 after_ns=1707268.800
sample remote_generate_1000 13 before_ns=1805801.417 after_ns=1708874.033
sample remote_generate_1000 14 before_ns=1804765.050 after_ns=1701979.400
sample remote_generate_1000 15 before_ns=1812587.067 after_ns=1695236.483
sample remote_generate_1000 16 before_ns=1800244.200 after_ns=1778197.483
sample remote_generate_1000 17 before_ns=1859538.483 after_ns=1767347.617
sample remote_generate_1000 18 before_ns=1828758.217 after_ns=1723175.417
sample remote_generate_1000 19 before_ns=1813878.817 after_ns=2277317.440
sample remote_generate_1000 20 before_ns=1814181.450 after_ns=1720708.900
RESULT remote_generate_1000 before_ns=1781226.683 after_ns=1682685.567 reduction_percent=5.532
sample default_config 0 before_ns=2301.231 after_ns=1149.054
sample default_config 1 before_ns=2319.577 after_ns=1153.814
sample default_config 2 before_ns=2299.593 after_ns=1151.458
sample default_config 3 before_ns=2300.555 after_ns=1157.615
sample default_config 4 before_ns=2291.683 after_ns=1153.225
sample default_config 5 before_ns=2316.354 after_ns=1148.595
sample default_config 6 before_ns=2294.928 after_ns=1150.383
sample default_config 7 before_ns=2306.770 after_ns=1156.177
sample default_config 8 before_ns=2297.055 after_ns=1145.869
sample default_config 9 before_ns=2324.355 after_ns=1156.054
sample default_config 10 before_ns=2294.908 after_ns=1153.530
sample default_config 11 before_ns=2305.262 after_ns=1155.057
sample default_config 12 before_ns=2300.511 after_ns=1148.779
sample default_config 13 before_ns=2342.643 after_ns=1160.392
sample default_config 14 before_ns=2312.913 after_ns=1162.298
sample default_config 15 before_ns=2316.192 after_ns=1155.419
sample default_config 16 before_ns=2307.067 after_ns=1153.259
sample default_config 17 before_ns=2312.527 after_ns=1155.420
sample default_config 18 before_ns=2302.653 after_ns=1160.701
sample default_config 19 before_ns=2319.208 after_ns=1148.603
sample default_config 20 before_ns=2296.835 after_ns=1154.531
RESULT default_config before_ns=2305.262 after_ns=1153.814 reduction_percent=49.949
sample default_generate 0 before_ns=143000.059 after_ns=141324.325
sample default_generate 1 before_ns=141414.813 after_ns=139953.940
sample default_generate 2 before_ns=141370.196 after_ns=140688.665
sample default_generate 3 before_ns=148294.672 after_ns=142975.651
sample default_generate 4 before_ns=142273.631 after_ns=140277.481
sample default_generate 5 before_ns=140451.922 after_ns=139691.592
sample default_generate 6 before_ns=141117.085 after_ns=140289.526
sample default_generate 7 before_ns=140608.225 after_ns=140154.547
sample default_generate 8 before_ns=142999.839 after_ns=152079.048
sample default_generate 9 before_ns=168337.683 after_ns=145106.387
sample default_generate 10 before_ns=149058.949 after_ns=140764.333
sample default_generate 11 before_ns=143737.233 after_ns=140860.363
sample default_generate 12 before_ns=154890.825 after_ns=148332.069
sample default_generate 13 before_ns=145108.287 after_ns=146495.099
sample default_generate 14 before_ns=145452.672 after_ns=143198.569
sample default_generate 15 before_ns=142083.741 after_ns=143760.640
sample default_generate 16 before_ns=142767.848 after_ns=143451.877
sample default_generate 17 before_ns=142631.166 after_ns=142906.776
sample default_generate 18 before_ns=144234.003 after_ns=143430.503
sample default_generate 19 before_ns=144952.026 after_ns=143261.864
sample default_generate 20 before_ns=165666.987 after_ns=141275.703
RESULT default_generate before_ns=143000.059 after_ns=142906.776 reduction_percent=0.065
sample default_prepend_pr 0 before_ns=147118.120 after_ns=142575.480
sample default_prepend_pr 1 before_ns=145321.130 after_ns=142918.670
sample default_prepend_pr 2 before_ns=151043.190 after_ns=147843.635
sample default_prepend_pr 3 before_ns=146101.080 after_ns=142766.666
sample default_prepend_pr 4 before_ns=147873.179 after_ns=143193.517
sample default_prepend_pr 5 before_ns=144391.399 after_ns=143314.733
sample default_prepend_pr 6 before_ns=145441.571 after_ns=143721.254
sample default_prepend_pr 7 before_ns=144799.009 after_ns=144007.069
sample default_prepend_pr 8 before_ns=144204.263 after_ns=142560.203
sample default_prepend_pr 9 before_ns=144914.767 after_ns=144477.199
sample default_prepend_pr 10 before_ns=144663.950 after_ns=144359.394
sample default_prepend_pr 11 before_ns=146066.928 after_ns=145030.929
sample default_prepend_pr 12 before_ns=150829.315 after_ns=155456.846
sample default_prepend_pr 13 before_ns=146708.683 after_ns=147321.649
sample default_prepend_pr 14 before_ns=145153.445 after_ns=147291.663
sample default_prepend_pr 15 before_ns=145176.814 after_ns=148138.193
sample default_prepend_pr 16 before_ns=146385.446 after_ns=145074.036
sample default_prepend_pr 17 before_ns=148108.944 after_ns=148112.728
sample default_prepend_pr 18 before_ns=146486.612 after_ns=150691.648
sample default_prepend_pr 19 before_ns=153172.650 after_ns=146707.348
sample default_prepend_pr 20 before_ns=150436.312 after_ns=148192.229
RESULT default_prepend_pr before_ns=146101.080 after_ns=145030.929 reduction_percent=0.732
