VALIDATION all remote rendering and default config/render/prepend checks passed
sample remote_context_10 0 before_ns=6079.072 after_ns=4079.235
sample remote_context_10 1 before_ns=5704.930 after_ns=4040.155
sample remote_context_10 2 before_ns=5681.250 after_ns=4039.126
sample remote_context_10 3 before_ns=5708.915 after_ns=4040.289
sample remote_context_10 4 before_ns=5700.925 after_ns=4047.187
sample remote_context_10 5 before_ns=5710.801 after_ns=4076.174
sample remote_context_10 6 before_ns=5728.853 after_ns=4058.393
sample remote_context_10 7 before_ns=5730.724 after_ns=4052.525
sample remote_context_10 8 before_ns=5720.010 after_ns=4056.925
sample remote_context_10 9 before_ns=6019.346 after_ns=4111.975
sample remote_context_10 10 before_ns=5890.630 after_ns=4031.925
sample remote_context_10 11 before_ns=5703.359 after_ns=4034.998
sample remote_context_10 12 before_ns=5709.373 after_ns=4026.798
sample remote_context_10 13 before_ns=5707.109 after_ns=4063.609
sample remote_context_10 14 before_ns=5713.192 after_ns=4033.236
sample remote_context_10 15 before_ns=5738.966 after_ns=4026.623
sample remote_context_10 16 before_ns=5751.363 after_ns=4037.802
sample remote_context_10 17 before_ns=5983.504 after_ns=4039.994
sample remote_context_10 18 before_ns=5772.293 after_ns=4017.893
sample remote_context_10 19 before_ns=5776.356 after_ns=4001.202
sample remote_context_10 20 before_ns=5783.007 after_ns=4276.270
RESULT remote_context_10 before_ns=5728.853 after_ns=4040.155 reduction_percent=29.477
sample remote_generate_10 0 before_ns=148987.612 after_ns=145591.114
sample remote_generate_10 1 before_ns=148232.984 after_ns=145274.162
sample remote_generate_10 2 before_ns=148234.015 after_ns=146883.494
sample remote_generate_10 3 before_ns=150148.136 after_ns=147766.890
sample remote_generate_10 4 before_ns=150612.052 after_ns=150187.015
sample remote_generate_10 5 before_ns=151094.909 after_ns=150060.018
sample remote_generate_10 6 before_ns=151576.721 after_ns=153228.386
sample remote_generate_10 7 before_ns=154593.525 after_ns=160268.641
sample remote_generate_10 8 before_ns=154455.548 after_ns=154976.220
sample remote_generate_10 9 before_ns=155707.791 after_ns=155448.048
sample remote_generate_10 10 before_ns=156687.772 after_ns=154811.142
sample remote_generate_10 11 before_ns=157466.467 after_ns=156976.642
sample remote_generate_10 12 before_ns=158388.939 after_ns=155259.166
sample remote_generate_10 13 before_ns=157017.389 after_ns=153923.137
sample remote_generate_10 14 before_ns=157585.159 after_ns=155433.826
sample remote_generate_10 15 before_ns=155545.363 after_ns=153690.047
sample remote_generate_10 16 before_ns=156383.973 after_ns=154667.018
sample remote_generate_10 17 before_ns=155265.992 after_ns=154526.455
sample remote_generate_10 18 before_ns=155366.342 after_ns=156957.894
sample remote_generate_10 19 before_ns=155496.151 after_ns=154419.865
sample remote_generate_10 20 before_ns=155347.175 after_ns=155228.395
RESULT remote_generate_10 before_ns=155347.175 after_ns=154526.455 reduction_percent=0.528
sample remote_context_100 0 before_ns=59814.968 after_ns=51560.710
sample remote_context_100 1 before_ns=59899.031 after_ns=50818.382
sample remote_context_100 2 before_ns=59603.378 after_ns=50749.691
sample remote_context_100 3 before_ns=66271.762 after_ns=50787.345
sample remote_context_100 4 before_ns=60906.598 after_ns=51489.487
sample remote_context_100 5 before_ns=59647.241 after_ns=50767.123
sample remote_context_100 6 before_ns=59860.786 after_ns=50947.346
sample remote_context_100 7 before_ns=59930.965 after_ns=50907.931
sample remote_context_100 8 before_ns=59892.705 after_ns=50973.594
sample remote_context_100 9 before_ns=59714.676 after_ns=50918.802
sample remote_context_100 10 before_ns=60330.553 after_ns=51249.969
sample remote_context_100 11 before_ns=60215.853 after_ns=51102.324
sample remote_context_100 12 before_ns=60087.109 after_ns=51034.506
sample remote_context_100 13 before_ns=59675.609 after_ns=50980.697
sample remote_context_100 14 before_ns=59641.534 after_ns=50795.356
sample remote_context_100 15 before_ns=62257.747 after_ns=59327.127
sample remote_context_100 16 before_ns=61398.534 after_ns=59267.033
sample remote_context_100 17 before_ns=61052.946 after_ns=66335.305
sample remote_context_100 18 before_ns=60435.539 after_ns=51639.501
sample remote_context_100 19 before_ns=60334.225 after_ns=52285.715
sample remote_context_100 20 before_ns=61091.088 after_ns=52450.645
RESULT remote_context_100 before_ns=60087.109 after_ns=51034.506 reduction_percent=15.066
sample remote_generate_100 0 before_ns=340733.940 after_ns=327234.171
sample remote_generate_100 1 before_ns=344498.117 after_ns=338270.543
sample remote_generate_100 2 before_ns=340535.360 after_ns=331865.971
sample remote_generate_100 3 before_ns=338429.647 after_ns=332038.100
sample remote_generate_100 4 before_ns=344813.290 after_ns=331485.368
sample remote_generate_100 5 before_ns=338579.237 after_ns=330534.271
sample remote_generate_100 6 before_ns=337520.687 after_ns=331674.555
sample remote_generate_100 7 before_ns=340916.367 after_ns=332405.974
sample remote_generate_100 8 before_ns=343305.770 after_ns=326706.713
sample remote_generate_100 9 before_ns=340921.207 after_ns=330552.200
sample remote_generate_100 10 before_ns=343125.800 after_ns=340554.423
sample remote_generate_100 11 before_ns=337335.613 after_ns=326182.800
sample remote_generate_100 12 before_ns=338951.660 after_ns=332618.390
sample remote_generate_100 13 before_ns=340829.870 after_ns=330536.145
sample remote_generate_100 14 before_ns=349468.276 after_ns=332590.506
sample remote_generate_100 15 before_ns=390633.800 after_ns=332094.381
sample remote_generate_100 16 before_ns=336704.737 after_ns=323932.597
sample remote_generate_100 17 before_ns=336999.140 after_ns=325153.942
sample remote_generate_100 18 before_ns=366079.643 after_ns=326716.694
sample remote_generate_100 19 before_ns=340910.253 after_ns=328014.535
sample remote_generate_100 20 before_ns=335011.537 after_ns=327073.129
RESULT remote_generate_100 before_ns=340829.870 after_ns=330552.200 reduction_percent=3.015
sample remote_context_1000 0 before_ns=570320.172 after_ns=479636.714
sample remote_context_1000 1 before_ns=581177.628 after_ns=484227.914
sample remote_context_1000 2 before_ns=583084.306 after_ns=482601.148
sample remote_context_1000 3 before_ns=578254.533 after_ns=481902.862
sample remote_context_1000 4 before_ns=573912.267 after_ns=479167.348
sample remote_context_1000 5 before_ns=579374.261 after_ns=482404.043
sample remote_context_1000 6 before_ns=576151.111 after_ns=483336.148
sample remote_context_1000 7 before_ns=581584.844 after_ns=482215.281
sample remote_context_1000 8 before_ns=580560.944 after_ns=486000.129
sample remote_context_1000 9 before_ns=579803.078 after_ns=478432.238
sample remote_context_1000 10 before_ns=580235.383 after_ns=483012.186
sample remote_context_1000 11 before_ns=579792.228 after_ns=481847.919
sample remote_context_1000 12 before_ns=584121.261 after_ns=490951.538
sample remote_context_1000 13 before_ns=588269.794 after_ns=486687.438
sample remote_context_1000 14 before_ns=580452.378 after_ns=488496.676
sample remote_context_1000 15 before_ns=605394.459 after_ns=481153.071
sample remote_context_1000 16 before_ns=683064.973 after_ns=542399.137
sample remote_context_1000 17 before_ns=600118.047 after_ns=575901.744
sample remote_context_1000 18 before_ns=694972.573 after_ns=533238.940
sample remote_context_1000 19 before_ns=631883.775 after_ns=529830.500
sample remote_context_1000 20 before_ns=614754.406 after_ns=562449.178
RESULT remote_context_1000 before_ns=581177.628 after_ns=483336.148 reduction_percent=16.835
sample remote_generate_1000 0 before_ns=1759839.283 after_ns=1654636.886
sample remote_generate_1000 1 before_ns=1774021.817 after_ns=1674698.117
sample remote_generate_1000 2 before_ns=1764892.000 after_ns=1688281.267
sample remote_generate_1000 3 before_ns=1817752.883 after_ns=1711374.650
sample remote_generate_1000 4 before_ns=1813352.383 after_ns=1702382.700
sample remote_generate_1000 5 before_ns=1798217.450 after_ns=1694390.083
sample remote_generate_1000 6 before_ns=1797067.083 after_ns=1751008.217
sample remote_generate_1000 7 before_ns=1832762.267 after_ns=1728207.317
sample remote_generate_1000 8 before_ns=1846541.200 after_ns=1743673.600
sample remote_generate_1000 9 before_ns=1840634.367 after_ns=1769674.967
sample remote_generate_1000 10 before_ns=1849563.033 after_ns=1759241.867
sample remote_generate_1000 11 before_ns=1867358.317 after_ns=1837148.483
sample remote_generate_1000 12 before_ns=1869182.200 after_ns=1750366.583
sample remote_generate_1000 13 before_ns=1850876.417 after_ns=1781418.417
sample remote_generate_1000 14 before_ns=1854116.683 after_ns=1743988.400
sample remote_generate_1000 15 before_ns=1803757.733 after_ns=1705397.883
sample remote_generate_1000 16 before_ns=1784772.033 after_ns=1683307.367
sample remote_generate_1000 17 before_ns=1809019.767 after_ns=1705823.517
sample remote_generate_1000 18 before_ns=1848200.083 after_ns=1839382.750
sample remote_generate_1000 19 before_ns=1969350.433 after_ns=1826201.283
sample remote_generate_1000 20 before_ns=2027326.020 after_ns=1747183.000
RESULT remote_generate_1000 before_ns=1832762.267 after_ns=1743673.600 reduction_percent=4.861
sample default_config 0 before_ns=2643.606 after_ns=1275.980
sample default_config 1 before_ns=2565.658 after_ns=1364.602
sample default_config 2 before_ns=2418.234 after_ns=1192.835
sample default_config 3 before_ns=2341.593 after_ns=1167.263
sample default_config 4 before_ns=2318.388 after_ns=1164.597
sample default_config 5 before_ns=2365.697 after_ns=1181.160
sample default_config 6 before_ns=2445.733 after_ns=1280.497
sample default_config 7 before_ns=2359.098 after_ns=1202.379
sample default_config 8 before_ns=2309.767 after_ns=1163.589
sample default_config 9 before_ns=2301.478 after_ns=1161.915
sample default_config 10 before_ns=2420.470 after_ns=1174.146
sample default_config 11 before_ns=2305.466 after_ns=1161.431
sample default_config 12 before_ns=2305.457 after_ns=1202.429
sample default_config 13 before_ns=2327.784 after_ns=1163.116
sample default_config 14 before_ns=2371.146 after_ns=1242.012
sample default_config 15 before_ns=2331.303 after_ns=1190.299
sample default_config 16 before_ns=2333.913 after_ns=1187.654
sample default_config 17 before_ns=2351.704 after_ns=1189.021
sample default_config 18 before_ns=2336.558 after_ns=1189.065
sample default_config 19 before_ns=2329.620 after_ns=1192.294
sample default_config 20 before_ns=2331.628 after_ns=1185.568
RESULT default_config before_ns=2336.558 after_ns=1189.021 reduction_percent=49.112
sample default_generate 0 before_ns=145799.471 after_ns=143439.036
sample default_generate 1 before_ns=146559.971 after_ns=143850.421
sample default_generate 2 before_ns=145598.390 after_ns=143136.611
sample default_generate 3 before_ns=144898.546 after_ns=143920.313
sample default_generate 4 before_ns=144027.443 after_ns=142685.055
sample default_generate 5 before_ns=145097.422 after_ns=141514.304
sample default_generate 6 before_ns=143519.541 after_ns=143187.344
sample default_generate 7 before_ns=147170.160 after_ns=141173.583
sample default_generate 8 before_ns=143928.996 after_ns=143136.570
sample default_generate 9 before_ns=144125.890 after_ns=142663.501
sample default_generate 10 before_ns=143574.424 after_ns=143154.653
sample default_generate 11 before_ns=142367.651 after_ns=141168.872
sample default_generate 12 before_ns=143572.320 after_ns=143941.493
sample default_generate 13 before_ns=145005.422 after_ns=168009.136
sample default_generate 14 before_ns=140872.344 after_ns=138889.827
sample default_generate 15 before_ns=142121.989 after_ns=140113.853
sample default_generate 16 before_ns=141295.949 after_ns=143610.264
sample default_generate 17 before_ns=141928.115 after_ns=141338.092
sample default_generate 18 before_ns=143643.707 after_ns=144702.576
sample default_generate 19 before_ns=145161.046 after_ns=141783.108
sample default_generate 20 before_ns=142241.851 after_ns=141348.446
RESULT default_generate before_ns=143928.996 after_ns=143136.570 reduction_percent=0.551
sample default_prepend_pr 0 before_ns=147305.387 after_ns=144175.731
sample default_prepend_pr 1 before_ns=143773.417 after_ns=146245.757
sample default_prepend_pr 2 before_ns=145003.668 after_ns=144632.500
sample default_prepend_pr 3 before_ns=148037.159 after_ns=143003.509
sample default_prepend_pr 4 before_ns=145324.088 after_ns=144418.480
sample default_prepend_pr 5 before_ns=149455.006 after_ns=148438.537
sample default_prepend_pr 6 before_ns=151935.679 after_ns=147174.353
sample default_prepend_pr 7 before_ns=153472.915 after_ns=148611.118
sample default_prepend_pr 8 before_ns=147905.315 after_ns=152973.458
sample default_prepend_pr 9 before_ns=146110.019 after_ns=148683.506
sample default_prepend_pr 10 before_ns=150621.288 after_ns=145572.738
sample default_prepend_pr 11 before_ns=146732.543 after_ns=144150.380
sample default_prepend_pr 12 before_ns=146435.200 after_ns=145666.586
sample default_prepend_pr 13 before_ns=148067.924 after_ns=144741.291
sample default_prepend_pr 14 before_ns=147103.025 after_ns=147536.085
sample default_prepend_pr 15 before_ns=151809.883 after_ns=148674.199
sample default_prepend_pr 16 before_ns=149057.063 after_ns=145401.175
sample default_prepend_pr 17 before_ns=146412.629 after_ns=146859.661
sample default_prepend_pr 18 before_ns=149091.263 after_ns=146381.800
sample default_prepend_pr 19 before_ns=147964.106 after_ns=146803.488
sample default_prepend_pr 20 before_ns=147179.022 after_ns=145414.210
RESULT default_prepend_pr before_ns=147905.315 after_ns=146245.757 reduction_percent=1.122
