VALIDATION all remote rendering and default config/render/prepend checks passed
sample remote_context_10 0 before_ns=5780.985 after_ns=4114.016
sample remote_context_10 1 before_ns=5652.581 after_ns=4088.257
sample remote_context_10 2 before_ns=5658.550 after_ns=4086.476
sample remote_context_10 3 before_ns=5927.066 after_ns=4132.943
sample remote_context_10 4 before_ns=5719.668 after_ns=4095.736
sample remote_context_10 5 before_ns=5847.981 after_ns=4092.659
sample remote_context_10 6 before_ns=5708.696 after_ns=4095.822
sample remote_context_10 7 before_ns=5845.156 after_ns=4259.255
sample remote_context_10 8 before_ns=5686.838 after_ns=4098.802
sample remote_context_10 9 before_ns=5666.738 after_ns=4110.519
sample remote_context_10 10 before_ns=5711.939 after_ns=4091.745
sample remote_context_10 11 before_ns=5832.698 after_ns=4083.354
sample remote_context_10 12 before_ns=5688.103 after_ns=4111.937
sample remote_context_10 13 before_ns=5863.269 after_ns=4104.211
sample remote_context_10 14 before_ns=5680.419 after_ns=4088.211
sample remote_context_10 15 before_ns=5628.819 after_ns=4134.923
sample remote_context_10 16 before_ns=8774.294 after_ns=4066.654
sample remote_context_10 17 before_ns=5747.723 after_ns=4258.718
sample remote_context_10 18 before_ns=5730.028 after_ns=4050.057
sample remote_context_10 19 before_ns=5643.720 after_ns=4071.428
sample remote_context_10 20 before_ns=5649.654 after_ns=4058.961
RESULT remote_context_10 before_ns=5711.939 after_ns=4095.736 reduction_percent=28.295
sample remote_generate_10 0 before_ns=146426.826 after_ns=143818.500
sample remote_generate_10 1 before_ns=146017.432 after_ns=143292.041
sample remote_generate_10 2 before_ns=146829.690 after_ns=146068.697
sample remote_generate_10 3 before_ns=156347.170 after_ns=147118.213
sample remote_generate_10 4 before_ns=153986.031 after_ns=149434.009
sample remote_generate_10 5 before_ns=152345.627 after_ns=152004.147
sample remote_generate_10 6 before_ns=153827.811 after_ns=153070.361
sample remote_generate_10 7 before_ns=156682.261 after_ns=152193.703
sample remote_generate_10 8 before_ns=154857.380 after_ns=168987.710
sample remote_generate_10 9 before_ns=156662.984 after_ns=155758.726
sample remote_generate_10 10 before_ns=157583.108 after_ns=154406.151
sample remote_generate_10 11 before_ns=157912.866 after_ns=153815.294
sample remote_generate_10 12 before_ns=156306.545 after_ns=154879.845
sample remote_generate_10 13 before_ns=157116.194 after_ns=165015.015
sample remote_generate_10 14 before_ns=156067.634 after_ns=155976.329
sample remote_generate_10 15 before_ns=155888.875 after_ns=153795.400
sample remote_generate_10 16 before_ns=157128.477 after_ns=157806.881
sample remote_generate_10 17 before_ns=158130.880 after_ns=161333.556
sample remote_generate_10 18 before_ns=157837.020 after_ns=154862.434
sample remote_generate_10 19 before_ns=157002.725 after_ns=156063.075
sample remote_generate_10 20 before_ns=157032.569 after_ns=154737.338
RESULT remote_generate_10 before_ns=156347.170 after_ns=154406.151 reduction_percent=1.241
sample remote_context_100 0 before_ns=60318.721 after_ns=51161.571
sample remote_context_100 1 before_ns=60963.276 after_ns=51092.927
sample remote_context_100 2 before_ns=63403.177 after_ns=52048.888
sample remote_context_100 3 before_ns=61345.220 after_ns=51170.282
sample remote_context_100 4 before_ns=60985.475 after_ns=51886.702
sample remote_context_100 5 before_ns=60855.212 after_ns=51110.990
sample remote_context_100 6 before_ns=60499.992 after_ns=51146.995
sample remote_context_100 7 before_ns=60636.574 after_ns=51176.678
sample remote_context_100 8 before_ns=60645.884 after_ns=50961.980
sample remote_context_100 9 before_ns=60982.096 after_ns=51003.306
sample remote_context_100 10 before_ns=60325.054 after_ns=50548.207
sample remote_context_100 11 before_ns=61198.315 after_ns=50561.898
sample remote_context_100 12 before_ns=64373.004 after_ns=51985.774
sample remote_context_100 13 before_ns=60738.924 after_ns=52069.142
sample remote_context_100 14 before_ns=61778.685 after_ns=51966.175
sample remote_context_100 15 before_ns=60451.240 after_ns=50882.245
sample remote_context_100 16 before_ns=63529.741 after_ns=51418.510
sample remote_context_100 17 before_ns=60780.868 after_ns=51013.421
sample remote_context_100 18 before_ns=59516.715 after_ns=50252.377
sample remote_context_100 19 before_ns=59548.351 after_ns=50558.872
sample remote_context_100 20 before_ns=59191.596 after_ns=50002.062
RESULT remote_context_100 before_ns=60780.868 after_ns=51110.990 reduction_percent=15.909
sample remote_generate_100 0 before_ns=327349.239 after_ns=318887.969
sample remote_generate_100 1 before_ns=328505.806 after_ns=317871.200
sample remote_generate_100 2 before_ns=328611.577 after_ns=320635.956
sample remote_generate_100 3 before_ns=327025.594 after_ns=324719.632
sample remote_generate_100 4 before_ns=326648.161 after_ns=317091.472
sample remote_generate_100 5 before_ns=326472.252 after_ns=317928.378
sample remote_generate_100 6 before_ns=327527.635 after_ns=317681.638
sample remote_generate_100 7 before_ns=328069.316 after_ns=319217.838
sample remote_generate_100 8 before_ns=328213.629 after_ns=324506.332
sample remote_generate_100 9 before_ns=333963.790 after_ns=324054.445
sample remote_generate_100 10 before_ns=336659.923 after_ns=325087.503
sample remote_generate_100 11 before_ns=333052.635 after_ns=324038.810
sample remote_generate_100 12 before_ns=334504.367 after_ns=324175.465
sample remote_generate_100 13 before_ns=337335.700 after_ns=325054.616
sample remote_generate_100 14 before_ns=336191.487 after_ns=326886.906
sample remote_generate_100 15 before_ns=334611.093 after_ns=330474.429
sample remote_generate_100 16 before_ns=335038.800 after_ns=324835.581
sample remote_generate_100 17 before_ns=333616.003 after_ns=324827.535
sample remote_generate_100 18 before_ns=333793.640 after_ns=325032.713
sample remote_generate_100 19 before_ns=336059.927 after_ns=329152.097
sample remote_generate_100 20 before_ns=337011.247 after_ns=333424.367
RESULT remote_generate_100 before_ns=333616.003 after_ns=324506.332 reduction_percent=2.731
sample remote_context_1000 0 before_ns=591369.071 after_ns=489688.433
sample remote_context_1000 1 before_ns=605672.624 after_ns=491908.276
sample remote_context_1000 2 before_ns=565595.811 after_ns=500442.285
sample remote_context_1000 3 before_ns=582034.322 after_ns=492565.352
sample remote_context_1000 4 before_ns=571637.228 after_ns=491398.757
sample remote_context_1000 5 before_ns=582034.550 after_ns=494503.395
sample remote_context_1000 6 before_ns=573248.533 after_ns=496308.090
sample remote_context_1000 7 before_ns=609708.471 after_ns=489619.476
sample remote_context_1000 8 before_ns=584266.156 after_ns=493963.014
sample remote_context_1000 9 before_ns=579541.033 after_ns=493992.057
sample remote_context_1000 10 before_ns=585944.667 after_ns=492146.248
sample remote_context_1000 11 before_ns=583484.822 after_ns=496257.486
sample remote_context_1000 12 before_ns=586376.033 after_ns=493245.414
sample remote_context_1000 13 before_ns=584554.639 after_ns=501593.700
sample remote_context_1000 14 before_ns=576034.911 after_ns=493703.338
sample remote_context_1000 15 before_ns=578720.089 after_ns=489625.814
sample remote_context_1000 16 before_ns=573185.211 after_ns=489529.048
sample remote_context_1000 17 before_ns=604553.765 after_ns=495591.924
sample remote_context_1000 18 before_ns=571922.989 after_ns=497478.790
sample remote_context_1000 19 before_ns=584693.128 after_ns=488420.590
sample remote_context_1000 20 before_ns=599176.318 after_ns=491242.133
RESULT remote_context_1000 before_ns=583484.822 after_ns=493245.414 reduction_percent=15.466
sample remote_generate_1000 0 before_ns=1724309.733 after_ns=1680261.383
sample remote_generate_1000 1 before_ns=1726667.250 after_ns=1623384.514
sample remote_generate_1000 2 before_ns=1779450.650 after_ns=1691383.517
sample remote_generate_1000 3 before_ns=1737038.083 after_ns=1652418.057
sample remote_generate_1000 4 before_ns=1785255.150 after_ns=1652331.357
sample remote_generate_1000 5 before_ns=1753793.950 after_ns=1669166.650
sample remote_generate_1000 6 before_ns=1762761.350 after_ns=2233845.580
sample remote_generate_1000 7 before_ns=1766803.233 after_ns=1669148.950
sample remote_generate_1000 8 before_ns=1796699.917 after_ns=1687293.733
sample remote_generate_1000 9 before_ns=1781259.333 after_ns=1680846.933
sample remote_generate_1000 10 before_ns=1774810.867 after_ns=2336896.220
sample remote_generate_1000 11 before_ns=1826267.450 after_ns=1699180.167
sample remote_generate_1000 12 before_ns=1798541.183 after_ns=1715241.683
sample remote_generate_1000 13 before_ns=1807288.250 after_ns=1726414.033
sample remote_generate_1000 14 before_ns=1812675.133 after_ns=1726461.933
sample remote_generate_1000 15 before_ns=1848485.650 after_ns=1738057.267
sample remote_generate_1000 16 before_ns=1833684.367 after_ns=1735615.633
sample remote_generate_1000 17 before_ns=1871621.567 after_ns=1741702.383
sample remote_generate_1000 18 before_ns=1871955.900 after_ns=1755540.733
sample remote_generate_1000 19 before_ns=1924464.400 after_ns=1865040.717
sample remote_generate_1000 20 before_ns=1879623.183 after_ns=1774711.550
RESULT remote_generate_1000 before_ns=1796699.917 after_ns=1715241.683 reduction_percent=4.534
sample default_config 0 before_ns=2304.898 after_ns=1215.891
sample default_config 1 before_ns=2422.148 after_ns=1216.997
sample default_config 2 before_ns=2300.522 after_ns=1186.715
sample default_config 3 before_ns=2319.153 after_ns=1184.768
sample default_config 4 before_ns=2315.639 after_ns=1171.417
sample default_config 5 before_ns=2353.422 after_ns=1198.503
sample default_config 6 before_ns=2334.375 after_ns=1174.703
sample default_config 7 before_ns=2281.427 after_ns=1174.760
sample default_config 8 before_ns=2304.093 after_ns=1224.128
sample default_config 9 before_ns=2261.620 after_ns=1181.294
sample default_config 10 before_ns=2270.790 after_ns=1184.877
sample default_config 11 before_ns=2284.113 after_ns=1168.702
sample default_config 12 before_ns=2305.812 after_ns=1181.821
sample default_config 13 before_ns=2317.313 after_ns=1177.014
sample default_config 14 before_ns=2304.812 after_ns=1167.963
sample default_config 15 before_ns=2323.001 after_ns=1174.924
sample default_config 16 before_ns=2279.491 after_ns=1176.318
sample default_config 17 before_ns=2282.191 after_ns=1174.586
sample default_config 18 before_ns=2277.426 after_ns=1170.070
sample default_config 19 before_ns=2278.200 after_ns=1168.657
sample default_config 20 before_ns=2281.898 after_ns=1170.254
RESULT default_config before_ns=2304.093 after_ns=1176.318 reduction_percent=48.947
sample default_generate 0 before_ns=145025.165 after_ns=143221.479
sample default_generate 1 before_ns=144741.450 after_ns=142605.200
sample default_generate 2 before_ns=145441.338 after_ns=145061.090
sample default_generate 3 before_ns=146550.128 after_ns=144858.240
sample default_generate 4 before_ns=153391.218 after_ns=150291.722
sample default_generate 5 before_ns=144619.827 after_ns=145951.522
sample default_generate 6 before_ns=148971.099 after_ns=147315.110
sample default_generate 7 before_ns=145607.659 after_ns=144996.399
sample default_generate 8 before_ns=148373.529 after_ns=167852.880
sample default_generate 9 before_ns=146854.306 after_ns=144388.080
sample default_generate 10 before_ns=145129.845 after_ns=141769.303
sample default_generate 11 before_ns=148530.441 after_ns=142460.801
sample default_generate 12 before_ns=144743.954 after_ns=142911.787
sample default_generate 13 before_ns=157806.284 after_ns=144010.357
sample default_generate 14 before_ns=143477.390 after_ns=143366.811
sample default_generate 15 before_ns=146978.580 after_ns=145353.839
sample default_generate 16 before_ns=145576.657 after_ns=143387.170
sample default_generate 17 before_ns=144191.241 after_ns=141629.177
sample default_generate 18 before_ns=147249.247 after_ns=148176.971
sample default_generate 19 before_ns=146367.893 after_ns=145815.857
sample default_generate 20 before_ns=145175.752 after_ns=146168.468
RESULT default_generate before_ns=145607.659 after_ns=144858.240 reduction_percent=0.515
sample default_prepend_pr 0 before_ns=148622.328 after_ns=154847.068
sample default_prepend_pr 1 before_ns=146779.178 after_ns=145160.120
sample default_prepend_pr 2 before_ns=145062.046 after_ns=143906.487
sample default_prepend_pr 3 before_ns=156307.809 after_ns=157213.714
sample default_prepend_pr 4 before_ns=152455.229 after_ns=148496.256
sample default_prepend_pr 5 before_ns=154137.332 after_ns=155015.692
sample default_prepend_pr 6 before_ns=152099.741 after_ns=145023.671
sample default_prepend_pr 7 before_ns=157775.644 after_ns=146427.914
sample default_prepend_pr 8 before_ns=156395.441 after_ns=156420.712
sample default_prepend_pr 9 before_ns=154214.217 after_ns=151515.338
sample default_prepend_pr 10 before_ns=156649.806 after_ns=151950.079
sample default_prepend_pr 11 before_ns=156024.894 after_ns=154697.646
sample default_prepend_pr 12 before_ns=156745.855 after_ns=154195.035
sample default_prepend_pr 13 before_ns=164339.867 after_ns=154027.615
sample default_prepend_pr 14 before_ns=272455.468 after_ns=150007.864
sample default_prepend_pr 15 before_ns=148349.891 after_ns=150063.737
sample default_prepend_pr 16 before_ns=149996.175 after_ns=146645.804
sample default_prepend_pr 17 before_ns=160346.944 after_ns=152255.065
sample default_prepend_pr 18 before_ns=159713.887 after_ns=156469.395
sample default_prepend_pr 19 before_ns=152265.277 after_ns=159872.951
sample default_prepend_pr 20 before_ns=151876.212 after_ns=153943.628
RESULT default_prepend_pr before_ns=154214.217 after_ns=152255.065 reduction_percent=1.270
