   Compiling proc-macro2 v1.0.107
   Compiling unicode-ident v1.0.26
   Compiling quote v1.0.47
   Compiling libc v0.2.190
   Compiling cfg-if v1.0.5
   Compiling memchr v2.8.3
   Compiling serde_core v1.0.229
   Compiling syn v3.0.6
   Compiling find-msvc-tools v0.1.14
   Compiling shlex v2.0.1
   Compiling aho-corasick v1.1.5
   Compiling jobserver v0.1.35
   Compiling regex-syntax v0.8.11
   Compiling cc v1.6.0
   Compiling zeroize v1.9.0
   Compiling pkg-config v0.3.34
   Compiling regex-automata v0.4.18
   Compiling typenum v1.20.1
   Compiling smallvec v1.16.2
   Compiling once_cell v1.21.4
   Compiling bytes v1.12.1
   Compiling bitflags v2.13.2
   Compiling subtle v2.6.1
   Compiling thiserror v2.0.21
   Compiling stable_deref_trait v1.2.1
   Compiling thiserror-impl v2.0.21
   Compiling bstr v1.13.1
   Compiling version_check v0.9.5
   Compiling rand_core v0.10.1
   Compiling getrandom v0.4.3
   Compiling foldhash v0.2.0
   Compiling allocator-api2 v0.2.21
   Compiling equivalent v1.0.2
   Compiling itoa v1.0.18
   Compiling crc32fast v1.5.2
   Compiling generic-array v0.14.9
   Compiling scopeguard v1.2.0
   Compiling const-oid v0.9.6
   Compiling crossbeam-utils v0.8.23
   Compiling autocfg v1.5.1
   Compiling same-file v1.0.6
   Compiling fastrand v2.5.0
   Compiling walkdir v2.5.0
   Compiling block-buffer v0.10.4
   Compiling crypto-common v0.1.6
   Compiling digest v0.10.7
   Compiling gix-trace v0.1.21
   Compiling zlib-rs v0.6.8
   Compiling parking_lot_core v0.9.12
   Compiling hashbrown v0.17.1
   Compiling gix-validate v0.11.4
   Compiling tinyvec v1.13.3
   Compiling gix-path v0.12.6
   Compiling unicode-normalization v0.1.25
   Compiling lock_api v0.4.14
   Compiling gix-utils v0.3.6
   Compiling parking_lot v0.12.5
   Compiling syn v2.0.119
   Compiling prodash v31.0.1
   Compiling crossbeam-channel v0.5.17
   Compiling cpufeatures v0.2.17
   Compiling gix-error v0.2.5
   Compiling gix-features v0.48.1
   Compiling serde v1.0.229
   Compiling rustix v1.1.5
   Compiling serde_derive v1.0.229
   Compiling linux-raw-sys v0.12.1
   Compiling byteorder v1.5.0
   Compiling heapless v0.8.0
   Compiling hash32 v0.3.1
   Compiling faster-hex v0.10.1
   Compiling pin-project-lite v0.2.17
   Compiling sha1 v0.10.7
   Compiling synstructure v0.14.0
   Compiling jiff-core v0.1.1
   Compiling vcpkg v0.2.15
   Compiling zerofrom-derive v0.1.8
   Compiling jiff v0.2.37
   Compiling zerofrom v0.1.8
   Compiling yoke-derive v0.8.4
   Compiling sha1-checked v0.10.0
   Compiling socket2 v0.6.5
   Compiling percent-encoding v2.3.2
   Compiling yoke v0.8.3
   Compiling gix-hash v0.25.1
   Compiling zerovec-derive v0.11.6
   Compiling displaydoc v0.2.7
   Compiling gix-hashtable v0.15.2
   Compiling tempfile v3.27.0
   Compiling openssl-src v300.6.1+3.6.3
   Compiling zerovec v0.11.8
   Compiling memmap2 v0.9.11
   Compiling futures-core v0.3.34
   Compiling zmij v1.0.23
   Compiling openssl-sys v0.9.117
   Compiling tokio-macros v2.7.2
   Compiling tinystr v0.8.4
   Compiling mio v1.2.4
   Compiling writeable v0.6.4
   Compiling gix-date v0.15.6
   Compiling litemap v0.8.3
   Compiling serde_json v1.0.151
   Compiling gix-actor v0.41.2
   Compiling icu_locale_core v2.3.0
   Compiling gix-object v0.62.0
   Compiling tokio v1.53.2
   Compiling potential_utf v0.1.6
   Compiling zerotrie v0.2.5
   Compiling hashbrown v0.14.5
   Compiling log v0.4.34
   Compiling icu_properties_data v2.3.0
   Compiling icu_normalizer_data v2.3.0
   Compiling utf8_iter v1.0.4
   Compiling rustversion v1.0.23
   Compiling icu_collections v2.3.0
   Compiling dashmap v6.2.1
   Compiling icu_provider v2.3.1
   Compiling libz-sys v1.1.29
   Compiling gix-fs v0.21.2
   Compiling gix-chunk v0.7.3
   Compiling zstd-sys v2.1.0+zstd.1.5.7
   Compiling getrandom v0.2.17
   Compiling futures-sink v0.3.34
   Compiling rand_core v0.6.4
   Compiling gix-tempfile v23.0.2
   Compiling gix-quote v0.7.2
   Compiling tracing-core v0.1.36
   Compiling nonempty v0.12.0
   Compiling icu_properties v2.3.0
   Compiling icu_normalizer v2.3.0
   Compiling tracing-attributes v0.1.31
   Compiling indexmap v2.14.2
   Compiling hashbrown v0.16.1
   Compiling slab v0.4.12
   Compiling tracing v0.1.44
   Compiling idna_adapter v1.2.2
   Compiling gix-commitgraph v0.37.1
   Compiling futures-channel v0.3.34
   Compiling gix-glob v0.26.1
   Compiling cmake v0.1.58
   Compiling fnv v1.0.7
   Compiling dunce v1.0.5
   Compiling fs_extra v1.3.0
   Compiling aws-lc-sys v0.45.0
   Compiling gix-revwalk v0.33.0
   Compiling idna v1.1.0
   Compiling encoding_rs v0.8.42
   Compiling gix-lock v23.0.1
   Compiling form_urlencoded v1.2.2
   Compiling futures-macro v0.3.34
   Compiling futures-task v0.3.34
   Compiling futures-io v0.3.34
   Compiling zstd-safe v7.3.0
   Compiling cpufeatures v0.3.1
   Compiling futures-util v0.3.34
   Compiling url v2.5.8
   Compiling gix-config-value v0.18.1
   Compiling http v1.5.0
   Compiling hybrid-array v0.4.15
   Compiling libnghttp2-sys v0.1.13+1.68.1
   Compiling core_detect v1.0.0
   Compiling simdutf8 v0.1.5
   Compiling unicode-bom v2.0.3
   Compiling winnow v1.0.4
   Compiling multiversion_no_op v1.0.0
   Compiling aws-lc-rs v1.18.1
   Compiling anyhow v1.0.104
   Compiling base64ct v1.8.3
   Compiling static_assertions v1.1.0
   Compiling cmov v0.5.4
   Compiling ctutils v0.4.2
   Compiling kstring v2.0.5
   Compiling pem-rfc7468 v0.7.0
   Compiling block-buffer v0.12.1
   Compiling crypto-common v0.2.2
   Compiling num-traits v0.2.19
   Compiling gix-sec v0.14.2
   Compiling curl-sys v0.4.90+curl-8.21.0
   Compiling filetime v0.2.29
   Compiling const-oid v0.10.2
   Compiling shell-words v1.1.1
   Compiling crossbeam-epoch v0.9.21
   Compiling siphasher v1.0.4
   Compiling phf_shared v0.11.3
   Compiling gix-command v0.9.2
   Compiling digest v0.11.3
   Compiling der v0.7.10
   Compiling gix-attributes v0.33.2
   Compiling rustls-pki-types v1.15.1
   Compiling simd-adler32 v0.3.10
   Compiling adler2 v2.0.1
   Compiling crossbeam-deque v0.8.8
   Compiling rand v0.8.8
   Compiling miniz_oxide v0.9.1
   Compiling spki v0.7.3
   Compiling toml_parser v1.1.3+spec-1.1.0
   Compiling http-body v1.1.0
   Compiling gix-ref v0.65.0
   Compiling tokio-util v0.7.19
   Compiling no_std_io2 v0.9.4
   Compiling hmac v0.12.1
   Compiling regex v1.13.1
   Compiling libssh2-sys v0.3.3
   Compiling serde_spanned v1.1.1
   Compiling httparse v1.10.1
   Compiling untrusted v0.9.0
   Compiling rustls v0.23.45
   Compiling unicase v2.9.0
   Compiling rle-decode-fast v1.0.3
   Compiling toml_writer v1.1.2+spec-1.1.0
   Compiling libflate_lz77 v2.3.0
   Compiling pkcs8 v0.10.2
   Compiling flate2 v1.1.10
   Compiling phf_generator v0.11.3
   Compiling gix-traverse v0.59.0
   Compiling ff v0.13.1
   Compiling globset v0.4.20
   Compiling gix-packetline v0.21.5
   Compiling gix-bitmap v0.3.3
   Compiling semver v1.0.28
   Compiling toml_datetime v1.1.1+spec-1.1.0
   Compiling adler32 v1.2.0
   Compiling openssl-probe v0.1.6
   Compiling atomic-waker v1.1.2
   Compiling base16ct v0.2.0
   Compiling zerocopy v0.8.59
   Compiling curl v0.4.50
   Compiling dary_heap v0.3.9
   Compiling try-lock v0.2.5
   Compiling tower-service v0.3.3
   Compiling utf8parse v0.2.2
   Compiling anstyle v1.0.14
   Compiling anstyle-parse v1.0.0
   Compiling want v0.3.1
   Compiling libflate v2.3.2
   Compiling sec1 v0.7.3
   Compiling h2 v0.4.19
   Compiling gix-index v0.53.0
   Compiling ignore v0.4.33
   Compiling group v0.13.0
   Compiling parse-zoneinfo v0.3.1
   Compiling phf_codegen v0.11.3
   Compiling zstd v0.13.3
   Compiling hkdf v0.12.4
   Compiling gix-pathspec v0.18.1
   Compiling sha2 v0.11.0
   Compiling phf v0.11.3
   Compiling gix-ignore v0.21.1
   Compiling crypto-bigint v0.5.5
   Compiling gix-url v0.36.2
   Compiling sha2 v0.10.9
   Compiling libgit2-sys v0.18.8+1.9.7
   Compiling deranged v0.5.8
   Compiling proc-macro-error-attr3 v3.1.1
   Compiling num-conv v0.2.2
   Compiling compression-core v0.4.33
   Compiling is_terminal_polyfill v1.70.2
   Compiling typeid v1.0.3
   Compiling hex v0.4.3
   Compiling thiserror v1.0.69
   Compiling ucd-trie v0.1.7
   Compiling colorchoice v1.0.5
   Compiling powerfmt v0.2.0
   Compiling lazy_static v1.5.1
   Compiling time-core v0.1.9
   Compiling anstyle-query v1.1.5
   Compiling time v0.3.55
   Compiling anstream v1.0.0
   Compiling pest v2.9.2
   Compiling mime_guess v2.0.5
   Compiling compression-codecs v0.4.45
   Compiling proc-macro-error3 v3.1.1
   Compiling elliptic-curve v0.13.8
   Compiling gix-worktree v0.54.0
   Compiling chrono-tz-build v0.3.0
   Compiling hyper v1.11.1
   Compiling include-flate-compress v0.3.4
   Compiling toml v1.1.6+spec-1.1.0
   Compiling gix-prompt v0.15.1
   Compiling futures-executor v0.3.34
   Compiling gix-revision v0.47.0
   Compiling sync_wrapper v1.0.2
   Compiling thiserror-impl v1.0.69
   Compiling ipnet v2.12.2
   Compiling cfg_aliases v0.2.2
   Compiling portable-atomic v1.15.0
   Compiling libm v0.2.16
   Compiling openssl-probe v0.2.1
   Compiling erased-serde v0.4.10
   Compiling camino v1.2.6
   Compiling base64 v0.23.1
   Compiling tower-layer v0.3.3
   Compiling hyper-util v0.1.21
   Compiling tower v0.5.3
   Compiling rustls-native-certs v0.8.4
   Compiling nix v0.31.3
   Compiling gix-refspec v0.43.0
   Compiling futures v0.3.34
   Compiling gix-credentials v0.38.2
   Compiling ppv-lite86 v0.2.21
   Compiling include-flate-codegen v0.3.4
   Compiling chrono-tz v0.9.0
   Compiling async-compression v0.4.50
   Compiling pest_meta v2.9.2
   Compiling gix-filter v0.32.0
   Compiling rfc6979 v0.4.0
   Compiling gix-discover v0.53.0
   Compiling http-body-util v0.1.5
   Compiling chacha20 v0.10.2
   Compiling clru v0.6.3
   Compiling signature v2.2.0
   Compiling libsqlite3-sys v0.38.2
   Compiling terminal_size v0.4.4
   Compiling miette-derive v5.10.0
   Compiling gix-imara-diff v0.2.5
   Compiling fs-err v3.3.2
   Compiling mime v0.3.17
   Compiling unicode-width v0.1.14
   Compiling heck v0.5.0
   Compiling strsim v0.11.1
   Compiling minimal-lexical v0.2.1
   Compiling pulldown-cmark v0.13.4
   Compiling clap_lex v1.1.1
   Compiling iana-time-zone v0.1.65
   Compiling base64 v0.22.1
   Compiling either v1.18.0
   Compiling chrono v0.4.45
   Compiling clap_builder v4.6.7
   Compiling nom v7.1.3
   Compiling clap_derive v4.6.7
   Compiling rustls-webpki v0.103.15
   Compiling miette v5.10.0
   Compiling gix-diff v0.65.0
   Compiling tokio-rustls v0.26.6
   Compiling hyper-rustls v0.27.10
   Compiling rustls-platform-verifier v0.7.1
   Compiling ecdsa v0.16.9
   Compiling tar v0.4.46
   Compiling gix-pack v0.72.0
   Compiling rand v0.10.3
   Compiling tower-http v0.6.11
   Compiling gix-dir v0.27.0
   Compiling pest_generator v2.9.2
   Compiling include-flate v0.3.4
   Compiling rand_chacha v0.3.1
   Compiling rust-embed-utils v8.12.0
   Compiling primeorder v0.13.6
   Compiling sharded-slab v0.1.7
   Compiling git-conventional v1.1.0
   Compiling gix-config v0.58.0
   Compiling ordered-float v2.10.1
   Compiling gix-shallow v0.12.1
   Compiling gix-negotiate v0.33.0
   Compiling hashlink v0.11.1
   Compiling tracing-log v0.2.0
   Compiling arc-swap v1.9.2
   Compiling maybe-async v0.2.11
   Compiling sha-1 v0.10.1
   Compiling im-rc v15.1.0
   Compiling matchers v0.2.0
   Compiling bitmaps v2.1.0
   Compiling async-trait v0.1.92
   Compiling blake3 v1.8.7
   Compiling cargo-platform v0.3.3
   Compiling thread_local v1.1.10
   Compiling fiat-crypto v0.3.0
   Compiling xxhash-rust v0.8.19
   Compiling foreign-types-shared v0.1.1
   Compiling unicode-width v0.2.2
   Compiling winnow v0.7.15
   Compiling base64 v0.21.7
   Compiling deunicode v1.6.2
   Compiling shell-escape v0.1.5
   Compiling pathdiff v0.2.3
   Compiling arraydeque v0.5.1
   Compiling virtue v0.0.18
   Compiling nu-ansi-term v0.50.3
   Compiling openssl v0.10.81
   Compiling tracing-subscriber v0.3.23
   Compiling bincode_derive v2.0.1
   Compiling orion v0.17.15
   Compiling yaml-rust2 v0.11.1
   Compiling cargo-util v0.2.32
   Compiling slug v0.1.6
   Compiling ssri v9.2.0
   Compiling reqwest v0.13.5
   Compiling annotate-snippets v0.12.16
   Compiling foreign-types v0.3.2
   Compiling sized-chunks v0.6.5
   Compiling gix-odb v0.82.0
   Compiling gix-submodule v0.32.0
   Compiling serde-value v0.7.0
   Compiling p384 v0.13.1
   Compiling humansize v2.1.3
   Compiling rust-embed-impl v8.12.0
   Compiling serde-untagged v0.1.9
   Compiling pest_derive v2.9.2
   Compiling gix-status v0.32.0
   Compiling cargo v0.100.0
   Compiling clap v4.6.7
   Compiling color-print-proc-macro v0.3.7
   Compiling cargo-credential v0.4.11
   Compiling globwalk v0.9.1
   Compiling toml_edit v0.25.15+spec-1.1.0
   Compiling rand_xoshiro v0.6.0
   Compiling tokio-stream v0.1.19
   Compiling anstyle-hyperlink v1.0.2
   Compiling reflink-copy v0.1.30
   Compiling openssl-macros v0.1.1
   Compiling hashlink v0.12.2
   Compiling ed25519-compact v2.6.0
   Compiling toml_datetime v0.7.5+spec-1.1.0
   Compiling memmap2 v0.5.10
   Compiling libloading v0.9.0
   Compiling ct-codecs v1.1.8
   Compiling dyn-clone v1.0.20
   Compiling fallible-iterator v0.3.0
   Compiling glob v0.3.4
   Compiling ref-cast v1.0.27
   Compiling humantime v2.4.0
   Compiling arrayvec v0.7.8
   Compiling is_executable v1.0.6
   Compiling unty v0.0.4
   Compiling anstyle-progress v0.1.4
   Compiling supports-unicode v3.0.0
   Compiling constant_time_eq v0.4.2
   Compiling fallible-streaming-iterator v0.1.9
   Compiling unicode-segmentation v1.13.3
   Compiling supports-hyperlinks v3.2.0
   Compiling cargo-util-terminal v0.1.2
   Compiling tera v1.20.1
   Compiling rusqlite v0.40.2
   Compiling clap_complete v4.6.11
   Compiling bincode v2.0.1
   Compiling humantime-serde v1.1.1
   Compiling pasetors v0.7.8
   Compiling cargo-util-schemas v0.14.3
   Compiling cargo-credential-libsecret v0.5.10
   Compiling cacache v13.1.0
   Compiling toml v0.9.12+spec-1.1.0
   Compiling pulldown-cmark-to-cmark v22.0.3
   Compiling color-print v0.3.7
   Compiling rust-embed v8.12.0
   Compiling os_info v3.15.0
   Compiling reqwest-middleware v0.5.2
   Compiling config v0.15.27
   Compiling tracing-chrome v0.7.2
   Compiling git-conventional v0.12.9
   Compiling cargo_metadata v0.23.1
   Compiling next_version v0.3.2
   Compiling retry-policies v0.5.2
   Compiling itertools v0.15.0
   Compiling serde_regex v1.2.0
   Compiling hmac v0.13.0
   Compiling sha1 v0.11.0
   Compiling crates-io v0.41.2
   Compiling rustfix v0.9.8
   Compiling secrecy v0.8.0
   Compiling opener v0.8.5
   Compiling ref-cast-impl v1.0.27
   Compiling secrecy v0.10.3
   Compiling serde_derive_internals v0.30.0
   Compiling serde_ignored v0.1.14
   Compiling http-auth v0.1.10
   Compiling etcetera v0.11.0
   Compiling urlencoding v2.1.3
   Compiling rustc-stable-hash v0.1.2
   Compiling futures-timer v3.0.4
   Compiling home v0.5.12
   Compiling rustc-hash v2.1.3
   Compiling git-cliff-core v2.14.2
   Compiling cargo_utils v0.1.85 (/workspace/perf-main/crates/cargo_utils)
   Compiling schemars_derive v1.2.2
   Compiling reqwest-retry v0.9.1
   Compiling git_cmd v0.8.0 (/workspace/perf-main/crates/git_cmd)
   Compiling gix-transport v0.57.2
   Compiling gix-protocol v0.63.0
   Compiling gix v0.85.0
   Compiling next_version v0.3.2 (/workspace/perf-main/crates/next_version)
   Compiling parse-changelog v0.6.17
   Compiling tera v2.4.0
   Compiling schemars v1.2.2
   Compiling git2 v0.21.0
   Compiling git2-curl v0.22.0
   Compiling release_plz_core v0.38.7 (/workspace/perf-main/crates/release_plz_core)
   Compiling release-plz v0.3.170 (/workspace/perf-main/crates/release_plz)
    Finished `release` profile [optimized] target(s) in 4m 03s
