   Compiling syn v3.0.6
   Compiling aho-corasick v1.1.5
   Compiling regex-automata v0.4.18
   Compiling serde_derive v1.0.229
   Compiling thiserror-impl v2.0.21
   Compiling thiserror v2.0.21
   Compiling serde v1.0.229
   Compiling regex v1.13.1
   Compiling parse-changelog v0.6.17
   Compiling ciborium v0.2.2
   Compiling cargo_metadata v0.23.1
   Compiling tinytemplate v1.2.1
   Compiling criterion v0.8.2
   Compiling changelog-header-evidence v0.0.0 (/workspace/performance-evidence/changelog)
    Finished `bench` profile [optimized] target(s) in 9.22s
     Running benches/header.rs (/workspace/release-plz/target/release/deps/header-a1b9e105540e00b2)
Benchmarking changelog_header/without_unreleased/short
Benchmarking changelog_header/without_unreleased/short: Warming up for 1.0000 s
Benchmarking changelog_header/without_unreleased/short: Collecting 100 samples in estimated 3.0021 s (5.6M iterations)
Benchmarking changelog_header/without_unreleased/short: Analyzing
changelog_header/without_unreleased/short
                        time:   [539.23 ns 543.23 ns 547.92 ns]
Found 12 outliers among 100 measurements (12.00%)
  6 (6.00%) high mild
  6 (6.00%) high severe
Benchmarking changelog_header/without_unreleased/long_header
Benchmarking changelog_header/without_unreleased/long_header: Warming up for 1.0000 s
Benchmarking changelog_header/without_unreleased/long_header: Collecting 100 samples in estimated 3.1567 s (56k iterations)
Benchmarking changelog_header/without_unreleased/long_header: Analyzing
changelog_header/without_unreleased/long_header
                        time:   [56.524 µs 57.158 µs 58.330 µs]
Found 11 outliers among 100 measurements (11.00%)
  5 (5.00%) high mild
  6 (6.00%) high severe
Benchmarking changelog_header/without_unreleased/history_100
Benchmarking changelog_header/without_unreleased/history_100: Warming up for 1.0000 s
Benchmarking changelog_header/without_unreleased/history_100: Collecting 100 samples in estimated 3.0042 s (394k iterations)
Benchmarking changelog_header/without_unreleased/history_100: Analyzing
changelog_header/without_unreleased/history_100
                        time:   [7.6004 µs 7.6243 µs 7.6554 µs]
Found 5 outliers among 100 measurements (5.00%)
  1 (1.00%) high mild
  4 (4.00%) high severe
Benchmarking changelog_header/unreleased_control
Benchmarking changelog_header/unreleased_control: Warming up for 1.0000 s
Benchmarking changelog_header/unreleased_control: Collecting 100 samples in estimated 3.0002 s (28M iterations)
Benchmarking changelog_header/unreleased_control: Analyzing
changelog_header/unreleased_control
                        time:   [106.16 ns 107.35 ns 109.08 ns]
Found 3 outliers among 100 measurements (3.00%)
  1 (1.00%) high mild
  2 (2.00%) high severe

