   Compiling cargo_utils v0.1.86 (/workspace/perf-manifest/crates/cargo_utils)
    Finished `bench` profile [optimized] target(s) in 2.69s
     Running benches/manifest_perf.rs (/workspace/release-plz/target/release/deps/manifest_perf-b7e6cca4704b6375)
Benchmarking workspace_package/first/10
Benchmarking workspace_package/first/10: Warming up for 1.0000 s
Benchmarking workspace_package/first/10: Collecting 100 samples in estimated 3.0000 s (357M iterations)
Benchmarking workspace_package/first/10: Analyzing
workspace_package/first/10
                        time:   [7.9395 ns 7.9760 ns 8.0166 ns]
                        change: [−98.246% −98.227% −98.212%] (p = 0.00 < 0.05)
                        Performance has improved.
Found 22 outliers among 100 measurements (22.00%)
  12 (12.00%) low mild
  6 (6.00%) high mild
  4 (4.00%) high severe
Benchmarking workspace_package/last/10
Benchmarking workspace_package/last/10: Warming up for 1.0000 s
Benchmarking workspace_package/last/10: Collecting 100 samples in estimated 3.0002 s (80M iterations)
Benchmarking workspace_package/last/10: Analyzing
workspace_package/last/10
                        time:   [36.488 ns 36.613 ns 36.718 ns]
                        change: [−92.213% −92.143% −92.075%] (p = 0.00 < 0.05)
                        Performance has improved.
Found 13 outliers among 100 measurements (13.00%)
  3 (3.00%) low severe
  6 (6.00%) high mild
  4 (4.00%) high severe
Benchmarking workspace_package/missing/10
Benchmarking workspace_package/missing/10: Warming up for 1.0000 s
Benchmarking workspace_package/missing/10: Collecting 100 samples in estimated 3.0004 s (36M iterations)
Benchmarking workspace_package/missing/10: Analyzing
workspace_package/missing/10
                        time:   [75.288 ns 77.356 ns 80.383 ns]
                        change: [−85.265% −84.786% −84.138%] (p = 0.00 < 0.05)
                        Performance has improved.
Found 7 outliers among 100 measurements (7.00%)
  1 (1.00%) high mild
  6 (6.00%) high severe
Benchmarking workspace_package/first/100
Benchmarking workspace_package/first/100: Warming up for 1.0000 s
Benchmarking workspace_package/first/100: Collecting 100 samples in estimated 3.0001 s (103M iterations)
Benchmarking workspace_package/first/100: Analyzing
workspace_package/first/100
                        time:   [28.980 ns 29.121 ns 29.285 ns]
                        change: [−99.910% −99.910% −99.909%] (p = 0.00 < 0.05)
                        Performance has improved.
Found 12 outliers among 100 measurements (12.00%)
  5 (5.00%) high mild
  7 (7.00%) high severe
Benchmarking workspace_package/last/100
Benchmarking workspace_package/last/100: Warming up for 1.0000 s
Benchmarking workspace_package/last/100: Collecting 100 samples in estimated 3.0011 s (8.7M iterations)
Benchmarking workspace_package/last/100: Analyzing
workspace_package/last/100
                        time:   [352.16 ns 354.66 ns 356.84 ns]
                        change: [−98.914% −98.906% −98.899%] (p = 0.00 < 0.05)
                        Performance has improved.
Benchmarking workspace_package/missing/100
Benchmarking workspace_package/missing/100: Warming up for 1.0000 s
Benchmarking workspace_package/missing/100: Collecting 100 samples in estimated 3.0024 s (5.8M iterations)
Benchmarking workspace_package/missing/100: Analyzing
workspace_package/missing/100
                        time:   [504.39 ns 508.40 ns 512.42 ns]
                        change: [−98.430% −98.414% −98.399%] (p = 0.00 < 0.05)
                        Performance has improved.
Found 6 outliers among 100 measurements (6.00%)
  2 (2.00%) low mild
  4 (4.00%) high mild

